Archive member included to satisfy reference by file (symbol)

/usr/lib/x86_64-linux-gnu/gcc/ia16-elf/6.3.0/../../../../../ia16-elf/lib/libi86.a(getch.o)
                              /tmp/ccb2yFhj.o (_getch)
/usr/lib/x86_64-linux-gnu/gcc/ia16-elf/6.3.0/../../../../../ia16-elf/lib/libi86.a(kbhit.o)
                              /tmp/ccb2yFhj.o (_kbhit)
/usr/lib/x86_64-linux-gnu/gcc/ia16-elf/6.3.0/../../../../../ia16-elf/lib/libi86.a(libi86-ungetch-buf.o)
                              /usr/lib/x86_64-linux-gnu/gcc/ia16-elf/6.3.0/../../../../../ia16-elf/lib/libi86.a(getch.o) (__libi86_ungetch_buf)
/usr/lib/x86_64-linux-gnu/gcc/ia16-elf/6.3.0/../../../../../ia16-elf/lib/libi86.a(libi86-con-in-fd.o)
                              /usr/lib/x86_64-linux-gnu/gcc/ia16-elf/6.3.0/../../../../../ia16-elf/lib/libi86.a(getch.o) (__libi86_con_in_fd)
/usr/lib/x86_64-linux-gnu/gcc/ia16-elf/6.3.0/../../../../../ia16-elf/lib/libi86.a(libi86-con-name.o)
                              /usr/lib/x86_64-linux-gnu/gcc/ia16-elf/6.3.0/../../../../../ia16-elf/lib/libi86.a(libi86-con-in-fd.o) (__libi86_con_name)
/usr/lib/x86_64-linux-gnu/gcc/ia16-elf/6.3.0/../../../../../ia16-elf/lib/tprtf-fw.a(t-sprintf.o)
                              /tmp/ccb2yFhj.o (sprintf)
/usr/lib/x86_64-linux-gnu/gcc/ia16-elf/6.3.0/../../../../../ia16-elf/lib/tprtf-fw.a(t-fprintf.o)
                              /tmp/ccb2yFhj.o (fprintf)
/usr/lib/x86_64-linux-gnu/gcc/ia16-elf/6.3.0/../../../../../ia16-elf/lib/tprtf-fw.a(t-printf.o)
                              /tmp/ccb2yFhj.o (printf)
/usr/lib/x86_64-linux-gnu/gcc/ia16-elf/6.3.0/../../../../../ia16-elf/lib/tprtf-fw.a(t-snprintf.o)
                              /tmp/ccb2yFhj.o (snprintf)
/usr/lib/x86_64-linux-gnu/gcc/ia16-elf/6.3.0/../../../../../ia16-elf/lib/iprtf-fw.a(i-sprintf.o)
                              /usr/lib/x86_64-linux-gnu/gcc/ia16-elf/6.3.0/../../../../../ia16-elf/lib/tprtf-fw.a(t-sprintf.o) (sprintf.impl)
/usr/lib/x86_64-linux-gnu/gcc/ia16-elf/6.3.0/../../../../../ia16-elf/lib/iprtf-fw.a(i-fprintf.o)
                              /usr/lib/x86_64-linux-gnu/gcc/ia16-elf/6.3.0/../../../../../ia16-elf/lib/tprtf-fw.a(t-fprintf.o) (fprintf.impl)
/usr/lib/x86_64-linux-gnu/gcc/ia16-elf/6.3.0/../../../../../ia16-elf/lib/iprtf-fw.a(i-printf.o)
                              /usr/lib/x86_64-linux-gnu/gcc/ia16-elf/6.3.0/../../../../../ia16-elf/lib/tprtf-fw.a(t-printf.o) (printf.impl)
/usr/lib/x86_64-linux-gnu/gcc/ia16-elf/6.3.0/../../../../../ia16-elf/lib/iprtf-fw.a(i-snprintf.o)
                              /usr/lib/x86_64-linux-gnu/gcc/ia16-elf/6.3.0/../../../../../ia16-elf/lib/tprtf-fw.a(t-snprintf.o) (snprintf.impl)
/usr/lib/x86_64-linux-gnu/gcc/ia16-elf/6.3.0/../../../../../ia16-elf/lib/libc.a(lib_a-atoi.o)
                              /tmp/ccb2yFhj.o (atoi)
/usr/lib/x86_64-linux-gnu/gcc/ia16-elf/6.3.0/../../../../../ia16-elf/lib/libc.a(lib_a-calloc.o)
                              /tmp/ccb2yFhj.o (calloc)
/usr/lib/x86_64-linux-gnu/gcc/ia16-elf/6.3.0/../../../../../ia16-elf/lib/libc.a(lib_a-ctype_.o)
                              /tmp/ccb2yFhj.o (__ctype_ptr__)
/usr/lib/x86_64-linux-gnu/gcc/ia16-elf/6.3.0/../../../../../ia16-elf/lib/libc.a(lib_a-errno.o)
                              /usr/lib/x86_64-linux-gnu/gcc/ia16-elf/6.3.0/../../../../../ia16-elf/lib/libi86.a(getch.o) (__errno)
/usr/lib/x86_64-linux-gnu/gcc/ia16-elf/6.3.0/../../../../../ia16-elf/lib/libc.a(lib_a-exit.o)
                              /tmp/ccb2yFhj.o (exit)
/usr/lib/x86_64-linux-gnu/gcc/ia16-elf/6.3.0/../../../../../ia16-elf/lib/libc.a(lib_a-fclose.o)
                              /tmp/ccb2yFhj.o (fclose)
/usr/lib/x86_64-linux-gnu/gcc/ia16-elf/6.3.0/../../../../../ia16-elf/lib/libc.a(lib_a-fflush.o)
                              /usr/lib/x86_64-linux-gnu/gcc/ia16-elf/6.3.0/../../../../../ia16-elf/lib/libc.a(lib_a-fclose.o) (__sflush_r)
/usr/lib/x86_64-linux-gnu/gcc/ia16-elf/6.3.0/../../../../../ia16-elf/lib/libc.a(lib_a-fgets.o)
                              /tmp/ccb2yFhj.o (fgets)
/usr/lib/x86_64-linux-gnu/gcc/ia16-elf/6.3.0/../../../../../ia16-elf/lib/libc.a(lib_a-findfp.o)
                              /usr/lib/x86_64-linux-gnu/gcc/ia16-elf/6.3.0/../../../../../ia16-elf/lib/libc.a(lib_a-fclose.o) (__sinit)
/usr/lib/x86_64-linux-gnu/gcc/ia16-elf/6.3.0/../../../../../ia16-elf/lib/libc.a(lib_a-fiprintf.o)
                              /usr/lib/x86_64-linux-gnu/gcc/ia16-elf/6.3.0/../../../../../ia16-elf/lib/iprtf-fw.a(i-fprintf.o) (fiprintf)
/usr/lib/x86_64-linux-gnu/gcc/ia16-elf/6.3.0/../../../../../ia16-elf/lib/libc.a(lib_a-fopen.o)
                              /tmp/ccb2yFhj.o (fopen)
/usr/lib/x86_64-linux-gnu/gcc/ia16-elf/6.3.0/../../../../../ia16-elf/lib/libc.a(lib_a-fputs.o)
                              /tmp/ccb2yFhj.o (fputs)
/usr/lib/x86_64-linux-gnu/gcc/ia16-elf/6.3.0/../../../../../ia16-elf/lib/libc.a(lib_a-fseek.o)
[...]
Memory Configuration

Name             Origin             Length             Attributes
bseglma          0x0000000000000000 0x00000000000a0000 xw
hdrvma           0x0000000000000000 0x0000000000040020 xw
csegvma          0x0000000000000020 0x0000000000010000 xw
ft00segvma       0x0000000000000000 0x0000000000010000 xw
ft01segvma       0x0000000000000000 0x0000000000010000 xw
ft02segvma       0x0000000000000000 0x0000000000010000 xw
ft03segvma       0x0000000000000000 0x0000000000010000 xw
ft04segvma       0x0000000000000000 0x0000000000010000 xw
ft05segvma       0x0000000000000000 0x0000000000010000 xw
ft06segvma       0x0000000000000000 0x0000000000010000 xw
ft07segvma       0x0000000000000000 0x0000000000010000 xw
ft10segvma       0x0000000000000000 0x0000000000010000 xw
ft11segvma       0x0000000000000000 0x0000000000010000 xw
ft12segvma       0x0000000000000000 0x0000000000010000 xw
ft13segvma       0x0000000000000000 0x0000000000010000 xw
ft14segvma       0x0000000000000000 0x0000000000010000 xw
ft15segvma       0x0000000000000000 0x0000000000010000 xw
ft16segvma       0x0000000000000000 0x0000000000010000 xw
ft17segvma       0x0000000000000000 0x0000000000010000 xw
ft20segvma       0x0000000000000000 0x0000000000010000 xw
ft21segvma       0x0000000000000000 0x0000000000010000 xw
ft22segvma       0x0000000000000000 0x0000000000010000 xw
ft23segvma       0x0000000000000000 0x0000000000010000 xw
ft24segvma       0x0000000000000000 0x0000000000010000 xw
ft25segvma       0x0000000000000000 0x0000000000010000 xw
ft26segvma       0x0000000000000000 0x0000000000010000 xw
ft27segvma       0x0000000000000000 0x0000000000010000 xw
ft30segvma       0x0000000000000000 0x0000000000010000 xw
ft31segvma       0x0000000000000000 0x0000000000010000 xw
ft32segvma       0x0000000000000000 0x0000000000010000 xw
ft33segvma       0x0000000000000000 0x0000000000010000 xw
ft34segvma       0x0000000000000000 0x0000000000010000 xw
ft35segvma       0x0000000000000000 0x0000000000010000 xw
ft36segvma       0x0000000000000000 0x0000000000010000 xw
ft37segvma       0x0000000000000000 0x0000000000010000 xw
ft40segvma       0x0000000000000000 0x0000000000010000 xw
ft41segvma       0x0000000000000000 0x0000000000010000 xw
ft42segvma       0x0000000000000000 0x0000000000010000 xw
ft43segvma       0x0000000000000000 0x0000000000010000 xw
ft44segvma       0x0000000000000000 0x0000000000010000 xw
ft45segvma       0x0000000000000000 0x0000000000010000 xw
ft46segvma       0x0000000000000000 0x0000000000010000 xw
ft47segvma       0x0000000000000000 0x0000000000010000 xw
ft50segvma       0x0000000000000000 0x0000000000010000 xw
ft51segvma       0x0000000000000000 0x0000000000010000 xw
ft52segvma       0x0000000000000000 0x0000000000010000 xw
ft53segvma       0x0000000000000000 0x0000000000010000 xw
ft54segvma       0x0000000000000000 0x0000000000010000 xw
ft55segvma       0x0000000000000000 0x0000000000010000 xw
ft56segvma       0x0000000000000000 0x0000000000010000 xw
ft57segvma       0x0000000000000000 0x0000000000010000 xw
ft60segvma       0x0000000000000000 0x0000000000010000 xw
ft61segvma       0x0000000000000000 0x0000000000010000 xw
ft62segvma       0x0000000000000000 0x0000000000010000 xw
ft63segvma       0x0000000000000000 0x0000000000010000 xw
ft64segvma       0x0000000000000000 0x0000000000010000 xw
ft65segvma       0x0000000000000000 0x0000000000010000 xw
ft66segvma       0x0000000000000000 0x0000000000010000 xw
ft67segvma       0x0000000000000000 0x0000000000010000 xw
ft70segvma       0x0000000000000000 0x0000000000010000 xw
ft71segvma       0x0000000000000000 0x0000000000010000 xw
ft72segvma       0x0000000000000000 0x0000000000010000 xw
ft73segvma       0x0000000000000000 0x0000000000010000 xw
ft74segvma       0x0000000000000000 0x0000000000010000 xw
ft75segvma       0x0000000000000000 0x0000000000010000 xw
ft76segvma       0x0000000000000000 0x0000000000010000 xw
ft77segvma       0x0000000000000000 0x0000000000010000 xw
ftXXsegvma       0x0000000000000000 0x0000000000010000 xw
fr00segvma       0x0000000000000000 0x0000000000010000 xw
fr01segvma       0x0000000000000000 0x0000000000010000 xw
fr02segvma       0x0000000000000000 0x0000000000010000 xw
fr03segvma       0x0000000000000000 0x0000000000010000 xw
fr04segvma       0x0000000000000000 0x0000000000010000 xw
fr05segvma       0x0000000000000000 0x0000000000010000 xw
fr06segvma       0x0000000000000000 0x0000000000010000 xw
fr07segvma       0x0000000000000000 0x0000000000010000 xw
fr10segvma       0x0000000000000000 0x0000000000010000 xw
fr11segvma       0x0000000000000000 0x0000000000010000 xw
fr12segvma       0x0000000000000000 0x0000000000010000 xw
fr13segvma       0x0000000000000000 0x0000000000010000 xw
fr14segvma       0x0000000000000000 0x0000000000010000 xw
fr15segvma       0x0000000000000000 0x0000000000010000 xw
fr16segvma       0x0000000000000000 0x0000000000010000 xw
fr17segvma       0x0000000000000000 0x0000000000010000 xw
fr20segvma       0x0000000000000000 0x0000000000010000 xw
fr21segvma       0x0000000000000000 0x0000000000010000 xw
fr22segvma       0x0000000000000000 0x0000000000010000 xw
fr23segvma       0x0000000000000000 0x0000000000010000 xw
fr24segvma       0x0000000000000000 0x0000000000010000 xw
fr25segvma       0x0000000000000000 0x0000000000010000 xw
fr26segvma       0x0000000000000000 0x0000000000010000 xw
fr27segvma       0x0000000000000000 0x0000000000010000 xw
fr30segvma       0x0000000000000000 0x0000000000010000 xw
fr31segvma       0x0000000000000000 0x0000000000010000 xw
fr32segvma       0x0000000000000000 0x0000000000010000 xw
fr33segvma       0x0000000000000000 0x0000000000010000 xw
fr34segvma       0x0000000000000000 0x0000000000010000 xw
fr35segvma       0x0000000000000000 0x0000000000010000 xw
fr36segvma       0x0000000000000000 0x0000000000010000 xw
fr37segvma       0x0000000000000000 0x0000000000010000 xw
fr40segvma       0x0000000000000000 0x0000000000010000 xw
fr41segvma       0x0000000000000000 0x0000000000010000 xw
fr42segvma       0x0000000000000000 0x0000000000010000 xw
fr43segvma       0x0000000000000000 0x0000000000010000 xw
fr44segvma       0x0000000000000000 0x0000000000010000 xw
fr45segvma       0x0000000000000000 0x0000000000010000 xw
fr46segvma       0x0000000000000000 0x0000000000010000 xw
fr47segvma       0x0000000000000000 0x0000000000010000 xw
fr50segvma       0x0000000000000000 0x0000000000010000 xw
fr51segvma       0x0000000000000000 0x0000000000010000 xw
fr52segvma       0x0000000000000000 0x0000000000010000 xw
fr53segvma       0x0000000000000000 0x0000000000010000 xw
fr54segvma       0x0000000000000000 0x0000000000010000 xw
fr55segvma       0x0000000000000000 0x0000000000010000 xw
fr56segvma       0x0000000000000000 0x0000000000010000 xw
fr57segvma       0x0000000000000000 0x0000000000010000 xw
fr60segvma       0x0000000000000000 0x0000000000010000 xw
fr61segvma       0x0000000000000000 0x0000000000010000 xw
fr62segvma       0x0000000000000000 0x0000000000010000 xw
fr63segvma       0x0000000000000000 0x0000000000010000 xw
fr64segvma       0x0000000000000000 0x0000000000010000 xw
fr65segvma       0x0000000000000000 0x0000000000010000 xw
fr66segvma       0x0000000000000000 0x0000000000010000 xw
fr67segvma       0x0000000000000000 0x0000000000010000 xw
fr70segvma       0x0000000000000000 0x0000000000010000 xw
fr71segvma       0x0000000000000000 0x0000000000010000 xw
fr72segvma       0x0000000000000000 0x0000000000010000 xw
fr73segvma       0x0000000000000000 0x0000000000010000 xw
fr74segvma       0x0000000000000000 0x0000000000010000 xw
fr75segvma       0x0000000000000000 0x0000000000010000 xw
fr76segvma       0x0000000000000000 0x0000000000010000 xw
fr77segvma       0x0000000000000000 0x0000000000010000 xw
frXXsegvma       0x0000000000000000 0x0000000000010000 xw
fd00segvma       0x0000000000000000 0x0000000000010000 xw
fd01segvma       0x0000000000000000 0x0000000000010000 xw
fd02segvma       0x0000000000000000 0x0000000000010000 xw
fd03segvma       0x0000000000000000 0x0000000000010000 xw
fd04segvma       0x0000000000000000 0x0000000000010000 xw
fd05segvma       0x0000000000000000 0x0000000000010000 xw
fd06segvma       0x0000000000000000 0x0000000000010000 xw
fd07segvma       0x0000000000000000 0x0000000000010000 xw
fd10segvma       0x0000000000000000 0x0000000000010000 xw
fd11segvma       0x0000000000000000 0x0000000000010000 xw
fd12segvma       0x0000000000000000 0x0000000000010000 xw
fd13segvma       0x0000000000000000 0x0000000000010000 xw
fd14segvma       0x0000000000000000 0x0000000000010000 xw
fd15segvma       0x0000000000000000 0x0000000000010000 xw
fd16segvma       0x0000000000000000 0x0000000000010000 xw
fd17segvma       0x0000000000000000 0x0000000000010000 xw
fd20segvma       0x0000000000000000 0x0000000000010000 xw
fd21segvma       0x0000000000000000 0x0000000000010000 xw
fd22segvma       0x0000000000000000 0x0000000000010000 xw
fd23segvma       0x0000000000000000 0x0000000000010000 xw
fd24segvma       0x0000000000000000 0x0000000000010000 xw
fd25segvma       0x0000000000000000 0x0000000000010000 xw
fd26segvma       0x0000000000000000 0x0000000000010000 xw
fd27segvma       0x0000000000000000 0x0000000000010000 xw
fd30segvma       0x0000000000000000 0x0000000000010000 xw
fd31segvma       0x0000000000000000 0x0000000000010000 xw
fd32segvma       0x0000000000000000 0x0000000000010000 xw
fd33segvma       0x0000000000000000 0x0000000000010000 xw
fd34segvma       0x0000000000000000 0x0000000000010000 xw
fd35segvma       0x0000000000000000 0x0000000000010000 xw
fd36segvma       0x0000000000000000 0x0000000000010000 xw
fd37segvma       0x0000000000000000 0x0000000000010000 xw
fd40segvma       0x0000000000000000 0x0000000000010000 xw
fd41segvma       0x0000000000000000 0x0000000000010000 xw
fd42segvma       0x0000000000000000 0x0000000000010000 xw
fd43segvma       0x0000000000000000 0x0000000000010000 xw
fd44segvma       0x0000000000000000 0x0000000000010000 xw
fd45segvma       0x0000000000000000 0x0000000000010000 xw
fd46segvma       0x0000000000000000 0x0000000000010000 xw
fd47segvma       0x0000000000000000 0x0000000000010000 xw
fd50segvma       0x0000000000000000 0x0000000000010000 xw
fd51segvma       0x0000000000000000 0x0000000000010000 xw
fd52segvma       0x0000000000000000 0x0000000000010000 xw
fd53segvma       0x0000000000000000 0x0000000000010000 xw
fd54segvma       0x0000000000000000 0x0000000000010000 xw
fd55segvma       0x0000000000000000 0x0000000000010000 xw
fd56segvma       0x0000000000000000 0x0000000000010000 xw
fd57segvma       0x0000000000000000 0x0000000000010000 xw
fd60segvma       0x0000000000000000 0x0000000000010000 xw
fd61segvma       0x0000000000000000 0x0000000000010000 xw
fd62segvma       0x0000000000000000 0x0000000000010000 xw
fd63segvma       0x0000000000000000 0x0000000000010000 xw
fd64segvma       0x0000000000000000 0x0000000000010000 xw
fd65segvma       0x0000000000000000 0x0000000000010000 xw
fd66segvma       0x0000000000000000 0x0000000000010000 xw
fd67segvma       0x0000000000000000 0x0000000000010000 xw
fd70segvma       0x0000000000000000 0x0000000000010000 xw
fd71segvma       0x0000000000000000 0x0000000000010000 xw
fd72segvma       0x0000000000000000 0x0000000000010000 xw
fd73segvma       0x0000000000000000 0x0000000000010000 xw
fd74segvma       0x0000000000000000 0x0000000000010000 xw
fd75segvma       0x0000000000000000 0x0000000000010000 xw
fd76segvma       0x0000000000000000 0x0000000000010000 xw
fd77segvma       0x0000000000000000 0x0000000000010000 xw
fdXXsegvma       0x0000000000000000 0x0000000000010000 xw
dsegvma          0x0000000000000020 0x0000000000010000 xw
*default*        0x0000000000000000 0xffffffffffffffff

Linker script and memory map

LOAD /tmp/ccb2yFhj.o
LOAD /usr/lib/x86_64-linux-gnu/gcc/ia16-elf/6.3.0/../../../../../ia16-elf/lib/libi86.a
LOAD /usr/lib/x86_64-linux-gnu/gcc/ia16-elf/6.3.0/../../../../../ia16-elf/lib/libastdio.a
LOAD /usr/lib/x86_64-linux-gnu/gcc/ia16-elf/6.3.0/../../../../../ia16-elf/lib/gprtf-fw.a
LOAD /usr/lib/x86_64-linux-gnu/gcc/ia16-elf/6.3.0/../../../../../ia16-elf/lib/gscnf-fw.a
LOAD /usr/lib/x86_64-linux-gnu/gcc/ia16-elf/6.3.0/../../../../../ia16-elf/lib/tprtf-fw.a
LOAD /usr/lib/x86_64-linux-gnu/gcc/ia16-elf/6.3.0/../../../../../ia16-elf/lib/tscnf-fw.a
LOAD /usr/lib/x86_64-linux-gnu/gcc/ia16-elf/6.3.0/../../../../../ia16-elf/lib/iprtf-fw.a
LOAD /usr/lib/x86_64-linux-gnu/gcc/ia16-elf/6.3.0/../../../../../ia16-elf/lib/iscnf-fw.a
LOAD /usr/lib/x86_64-linux-gnu/gcc/ia16-elf/6.3.0/../../../../../ia16-elf/lib/libfstdio.a
LOAD /usr/lib/x86_64-linux-gnu/gcc/ia16-elf/6.3.0/../../../../../ia16-elf/lib/tprtf-fw.a
LOAD /usr/lib/x86_64-linux-gnu/gcc/ia16-elf/6.3.0/../../../../../ia16-elf/lib/tscnf-fw.a
LOAD /usr/lib/x86_64-linux-gnu/gcc/ia16-elf/6.3.0/../../../../../ia16-elf/lib/gprtf-fw.a
LOAD /usr/lib/x86_64-linux-gnu/gcc/ia16-elf/6.3.0/../../../../../ia16-elf/lib/gscnf-fw.a
LOAD /usr/lib/x86_64-linux-gnu/gcc/ia16-elf/6.3.0/crtbegin.o
LOAD /usr/lib/x86_64-linux-gnu/gcc/ia16-elf/6.3.0/crtend.o
LOAD /usr/lib/x86_64-linux-gnu/gcc/ia16-elf/6.3.0/../../../../../ia16-elf/lib/dos-s-c0.o
START GROUP
LOAD /usr/lib/x86_64-linux-gnu/gcc/ia16-elf/6.3.0/../../../../../ia16-elf/lib/libc.a
LOAD /usr/lib/x86_64-linux-gnu/gcc/ia16-elf/6.3.0/libgcc.a
LOAD /usr/lib/x86_64-linux-gnu/gcc/ia16-elf/6.3.0/../../../../../ia16-elf/lib/libdos-s.a
LOAD /usr/lib/x86_64-linux-gnu/gcc/ia16-elf/6.3.0/../../../../../ia16-elf/lib/libm.a
END GROUP

.head
 *(.head)
 *(.head.*)

.msdos_mz_hdr   0x0000000000000000       0x20
                0x0000000000000000                __msdos_mz_hdr_start = .
                0x0000000000000000        0x2 SHORT 0x5a4d
                0x0000000000000002        0x2 SHORT 0xf0 ((LOADADDR (.data) + SIZEOF (.data)) % 0x200)
                0x0000000000000004        0x2 SHORT 0x64 (((LOADADDR (.data) + SIZEOF (.data)) + 0x1ff) / 0x200)
                0x0000000000000006        0x2 SHORT 0x1 __msdos_mz_rels
                0x0000000000000008        0x2 SHORT 0x2 __msdos_mz_hdr_paras
                0x000000000000000a        0x2 SHORT 0xf0b (((0x10000 - SIZEOF (.data)) - ADDR (.data)) / 0x10)
                0x000000000000000c        0x2 SHORT 0xf0b DEFINED (__msdos_handle_v1)?0xffff:(((0x10000 - SIZEOF (.data)) - ADDR (.data)) / 0x10)
                0x000000000000000e        0x2 SHORT 0x10b78 ((((LOADADDR (.data) / 0x10) - __msdos_mz_hdr_paras) - (ADDR (.data) / 0x10)) + 0x10000)
                0x0000000000000010        0x2 SHORT 0x0
                0x0000000000000012        0x2 SHORT 0x0
                0x0000000000000014        0x2 SHORT 0x20 _start
                0x0000000000000016        0x2 SHORT 0xfffe ((((LOADADDR (.text) / 0x10) - __msdos_mz_hdr_paras) - (ADDR (.text) / 0x10)) + 0x10000)
                0x0000000000000018        0x2 SHORT 0x1c (__msdos_mz_rel_start - __msdos_mz_hdr_start)
                0x000000000000001a        0x2 SHORT 0x0
 *(.msdos_mz_hdr .msdos_mz_hdr.*)
                0x000000000000001c                __msdos_mz_rel_start = .
 *(.msdos_mz_reloc .msdos_mz_reloc.*)
 .msdos_mz_reloc.0
                0x000000000000001c        0x4 /usr/lib/x86_64-linux-gnu/gcc/ia16-elf/6.3.0/../../../../../ia16-elf/lib/libdos-s.a(dos-near-data-segment.o)
                0x0000000000000020                __msdos_mz_rel_end = .
                0x0000000000000001                __msdos_mz_rels = ((. - __msdos_mz_rel_start) / 0x4)
                0x0000000000000020                . = DEFINED (__msdos_handle_v1)?ALIGN (0x200):.
                0x0000000000000002                __msdos_mz_hdr_paras = (((. - __msdos_mz_hdr_start) + 0xf) / 0x10)
                0x0000000000000020                . = ALIGN (0x10)
                0x0000000000000001                ASSERT ((((__msdos_mz_rel_end - __msdos_mz_rel_start) % 0x4) == 0x0), Error: MZ relocations are not 4-byte aligned)
                0x0000000000000001                ASSERT ((__msdos_mz_rels <= 0xffff), Error: too many MZ relocations)

.text           0x0000000000000020     0xb7a0
                0x0000000000000020                __stext = .
 *(.startupA)
 .startupA      0x0000000000000020        0x0 /usr/lib/x86_64-linux-gnu/gcc/ia16-elf/6.3.0/../../../../../ia16-elf/lib/dos-s-c0.o
                0x0000000000000020                _start
 *(.startupB)
 *(.startupC)
 .startupC      0x0000000000000020        0x8 /usr/lib/x86_64-linux-gnu/gcc/ia16-elf/6.3.0/../../../../../ia16-elf/lib/dos-s-c0.o
 *(.msdos_init)
 *(.msdos_init.*)
 *(.msdos_initA)
 *(.msdos_initA.*)
 *(.startupD)
 .startupD      0x0000000000000028        0xf /usr/lib/x86_64-linux-gnu/gcc/ia16-elf/6.3.0/../../../../../ia16-elf/lib/dos-s-c0.o
 *(.msdos_initB)
 *(.msdos_initB.*)
 *(.startupE)
 .startupE      0x0000000000000037       0xaf /usr/lib/x86_64-linux-gnu/gcc/ia16-elf/6.3.0/../../../../../ia16-elf/lib/dos-s-c0.o
 *(.preinit)
 .preinit       0x00000000000000e6        0x4 /usr/lib/x86_64-linux-gnu/gcc/ia16-elf/6.3.0/../../../../../ia16-elf/lib/libdos-s.a(dos-environ.o)
 *(.preinit.*)
 *(.init)
 .init          0x00000000000000ea        0x3 /usr/lib/x86_64-linux-gnu/gcc/ia16-elf/6.3.0/crtbegin.o
 .init          0x00000000000000ed        0x3 /usr/lib/x86_64-linux-gnu/gcc/ia16-elf/6.3.0/crtend.o
 *(.startupF)
 .startupF      0x00000000000000f0       0x75 /usr/lib/x86_64-linux-gnu/gcc/ia16-elf/6.3.0/../../../../../ia16-elf/lib/dos-s-c0.o
 *(.exitA)
 .exitA         0x0000000000000165        0x0 /usr/lib/x86_64-linux-gnu/gcc/ia16-elf/6.3.0/../../../../../ia16-elf/lib/dos-s-c0.o
                0x0000000000000165                _exit
 *(.fini)
 .fini          0x0000000000000165        0x3 /usr/lib/x86_64-linux-gnu/gcc/ia16-elf/6.3.0/crtbegin.o
 *(.exitB)
 .exitB         0x0000000000000168        0x6 /usr/lib/x86_64-linux-gnu/gcc/ia16-elf/6.3.0/../../../../../ia16-elf/lib/dos-s-c0.o
                0x000000000000016a                __msdos_crt_exit
 *(.text)
 .text          0x000000000000016e     0x2ddf /tmp/ccb2yFhj.o
 .text          0x0000000000002f4d       0x50 /usr/lib/x86_64-linux-gnu/gcc/ia16-elf/6.3.0/../../../../../ia16-elf/lib/libi86.a(getch.o)
                0x0000000000002f4d                getch
                0x0000000000002f4d                _getch
 .text          0x0000000000002f9d       0x21 /usr/lib/x86_64-linux-gnu/gcc/ia16-elf/6.3.0/../../../../../ia16-elf/lib/libi86.a(kbhit.o)
                0x0000000000002f9d                kbhit
                0x0000000000002f9d                _kbhit
 .text          0x0000000000002fbe        0x0 /usr/lib/x86_64-linux-gnu/gcc/ia16-elf/6.3.0/../../../../../ia16-elf/lib/libi86.a(libi86-ungetch-buf.o)
 .text          0x0000000000002fbe        0x0 /usr/lib/x86_64-linux-gnu/gcc/ia16-elf/6.3.0/../../../../../ia16-elf/lib/libi86.a(libi86-con-in-fd.o)
 .text          0x0000000000002fbe        0x0 /usr/lib/x86_64-linux-gnu/gcc/ia16-elf/6.3.0/../../../../../ia16-elf/lib/libi86.a(libi86-con-name.o)
 .text          0x0000000000002fbe        0x3 /usr/lib/x86_64-linux-gnu/gcc/ia16-elf/6.3.0/../../../../../ia16-elf/lib/tprtf-fw.a(t-sprintf.o)
                0x0000000000002fbe                sprintf
 .text          0x0000000000002fc1        0x3 /usr/lib/x86_64-linux-gnu/gcc/ia16-elf/6.3.0/../../../../../ia16-elf/lib/tprtf-fw.a(t-fprintf.o)
                0x0000000000002fc1                fprintf
 .text          0x0000000000002fc4        0x3 /usr/lib/x86_64-linux-gnu/gcc/ia16-elf/6.3.0/../../../../../ia16-elf/lib/tprtf-fw.a(t-printf.o)
                0x0000000000002fc4                printf
 .text          0x0000000000002fc7        0x3 /usr/lib/x86_64-linux-gnu/gcc/ia16-elf/6.3.0/../../../../../ia16-elf/lib/tprtf-fw.a(t-snprintf.o)
                0x0000000000002fc7                snprintf
 .text          0x0000000000002fca        0x3 /usr/lib/x86_64-linux-gnu/gcc/ia16-elf/6.3.0/../../../../../ia16-elf/lib/iprtf-fw.a(i-sprintf.o)
                0x0000000000002fca                sprintf.impl
 .text          0x0000000000002fcd        0x3 /usr/lib/x86_64-linux-gnu/gcc/ia16-elf/6.3.0/../../../../../ia16-elf/lib/iprtf-fw.a(i-fprintf.o)
                0x0000000000002fcd                fprintf.impl
 .text          0x0000000000002fd0        0x3 /usr/lib/x86_64-linux-gnu/gcc/ia16-elf/6.3.0/../../../../../ia16-elf/lib/iprtf-fw.a(i-printf.o)
                0x0000000000002fd0                printf.impl
 .text          0x0000000000002fd3        0x3 /usr/lib/x86_64-linux-gnu/gcc/ia16-elf/6.3.0/../../../../../ia16-elf/lib/iprtf-fw.a(i-snprintf.o)
                0x0000000000002fd3                snprintf.impl
 .text          0x0000000000002fd6       0x38 /usr/lib/x86_64-linux-gnu/gcc/ia16-elf/6.3.0/crtbegin.o
 .text          0x000000000000300e       0x1b /usr/lib/x86_64-linux-gnu/gcc/ia16-elf/6.3.0/crtend.o
 .text          0x0000000000003029        0x0 /usr/lib/x86_64-linux-gnu/gcc/ia16-elf/6.3.0/../../../../../ia16-elf/lib/dos-s-c0.o
 .text          0x0000000000003029       0x2b /usr/lib/x86_64-linux-gnu/gcc/ia16-elf/6.3.0/../../../../../ia16-elf/lib/libc.a(lib_a-atoi.o)
                0x0000000000003029                atoi
                0x000000000000303d                _atoi_r
 .text          0x0000000000003054       0x14 /usr/lib/x86_64-linux-gnu/gcc/ia16-elf/6.3.0/../../../../../ia16-elf/lib/libc.a(lib_a-calloc.o)
                0x0000000000003054                calloc
 .text          0x0000000000003068        0x7 /usr/lib/x86_64-linux-gnu/gcc/ia16-elf/6.3.0/../../../../../ia16-elf/lib/libc.a(lib_a-ctype_.o)
                0x0000000000003068                __set_ctype
 .text          0x000000000000306f        0x4 /usr/lib/x86_64-linux-gnu/gcc/ia16-elf/6.3.0/../../../../../ia16-elf/lib/libc.a(lib_a-errno.o)
                0x000000000000306f                __errno
 .text          0x0000000000003073       0x25 /usr/lib/x86_64-linux-gnu/gcc/ia16-elf/6.3.0/../../../../../ia16-elf/lib/libc.a(lib_a-exit.o)
                0x0000000000003073                exit
 .text          0x0000000000003098       0xd2 /usr/lib/x86_64-linux-gnu/gcc/ia16-elf/6.3.0/../../../../../ia16-elf/lib/libc.a(lib_a-fclose.o)
                0x0000000000003098                _fclose_r
                0x0000000000003159                fclose
 .text          0x000000000000316a      0x249 /usr/lib/x86_64-linux-gnu/gcc/ia16-elf/6.3.0/../../../../../ia16-elf/lib/libc.a(lib_a-fflush.o)
                0x000000000000316a                __sflush_r
                0x0000000000003333                _fflush_r
                0x0000000000003390                fflush
 .text          0x00000000000033b3      0x1ab /usr/lib/x86_64-linux-gnu/gcc/ia16-elf/6.3.0/../../../../../ia16-elf/lib/libc.a(lib_a-fgets.o)
                0x00000000000033b3                _fgets_r
                0x0000000000003547                fgets
 .text          0x000000000000355e      0x1ed /usr/lib/x86_64-linux-gnu/gcc/ia16-elf/6.3.0/../../../../../ia16-elf/lib/libc.a(lib_a-findfp.o)
                0x000000000000355e                _cleanup_r
                0x00000000000035df                __sfmoreglue
                0x0000000000003626                _cleanup
                0x0000000000003631                __sinit
                0x00000000000036a8                __sfp
 .text          0x000000000000374b       0x3b /usr/lib/x86_64-linux-gnu/gcc/ia16-elf/6.3.0/../../../../../ia16-elf/lib/libc.a(lib_a-fiprintf.o)
                0x000000000000374b                _fiprintf_r
                0x0000000000003768                fiprintf
 .text          0x0000000000003786       0xaa /usr/lib/x86_64-linux-gnu/gcc/ia16-elf/6.3.0/../../../../../ia16-elf/lib/libc.a(lib_a-fopen.o)
                0x0000000000003786                _fopen_r
                0x000000000000381c                fopen
 .text          0x0000000000003830       0x7f /usr/lib/x86_64-linux-gnu/gcc/ia16-elf/6.3.0/../../../../../ia16-elf/lib/libc.a(lib_a-fputs.o)
                0x0000000000003830                _fputs_r
                0x000000000000389b                fputs
 .text          0x00000000000038af       0x1d /usr/lib/x86_64-linux-gnu/gcc/ia16-elf/6.3.0/../../../../../ia16-elf/lib/libc.a(lib_a-fseek.o)
                0x00000000000038af                _fseek_r
                0x00000000000038b2                fseek
 .text          0x00000000000038cc      0x1a6 /usr/lib/x86_64-linux-gnu/gcc/ia16-elf/6.3.0/../../../../../ia16-elf/lib/libc.a(lib_a-fseeko.o)
                0x00000000000038cc                _fseeko_r
                0x0000000000003a58                fseeko
 .text          0x0000000000003a72      0x417 /usr/lib/x86_64-linux-gnu/gcc/ia16-elf/6.3.0/../../../../../ia16-elf/lib/libc.a(lib_a-fvwrite.o)
                0x0000000000003ae3                __sfvwrite_r
 .text          0x0000000000003e89       0x9d /usr/lib/x86_64-linux-gnu/gcc/ia16-elf/6.3.0/../../../../../ia16-elf/lib/libc.a(lib_a-fwalk.o)
                0x0000000000003e89                _fwalk
                0x0000000000003ed6                _fwalk_reent
 .text          0x0000000000003f26       0xa2 /usr/lib/x86_64-linux-gnu/gcc/ia16-elf/6.3.0/../../../../../ia16-elf/lib/libc.a(lib_a-fwrite.o)
                0x0000000000003f26                _fwrite_r
                0x0000000000003fae                fwrite
 .text          0x0000000000003fc8        0x0 /usr/lib/x86_64-linux-gnu/gcc/ia16-elf/6.3.0/../../../../../ia16-elf/lib/libc.a(lib_a-impure.o)
 .text          0x0000000000003fc8       0x63 /usr/lib/x86_64-linux-gnu/gcc/ia16-elf/6.3.0/../../../../../ia16-elf/lib/libc.a(lib_a-iprintf.o)
                0x0000000000003fc8                iprintf
                0x0000000000003ffa                _iprintf_r
 .text          0x000000000000402b       0xb9 /usr/lib/x86_64-linux-gnu/gcc/ia16-elf/6.3.0/../../../../../ia16-elf/lib/libc.a(lib_a-makebuf.o)
                0x000000000000402b                __swhatbuf_r
                0x000000000000405b                __smakebuf_r
 .text          0x00000000000040e4       0x22 /usr/lib/x86_64-linux-gnu/gcc/ia16-elf/6.3.0/../../../../../ia16-elf/lib/libc.a(lib_a-malloc.o)
                0x00000000000040e4                malloc
                0x00000000000040f5                free
 .text          0x0000000000004106       0x20 /usr/lib/x86_64-linux-gnu/gcc/ia16-elf/6.3.0/../../../../../ia16-elf/lib/libc.a(lib_a-memchr.o)
                0x0000000000004106                memchr
 .text          0x0000000000004126       0x20 /usr/lib/x86_64-linux-gnu/gcc/ia16-elf/6.3.0/../../../../../ia16-elf/lib/libc.a(lib_a-memcpy.o)
                0x0000000000004126                memcpy
 .text          0x0000000000004146       0x54 /usr/lib/x86_64-linux-gnu/gcc/ia16-elf/6.3.0/../../../../../ia16-elf/lib/libc.a(lib_a-memmove.o)
                0x0000000000004146                memmove
 .text          0x000000000000419a       0x22 /usr/lib/x86_64-linux-gnu/gcc/ia16-elf/6.3.0/../../../../../ia16-elf/lib/libc.a(lib_a-memset.o)
                0x000000000000419a                memset
 .text          0x00000000000041bc       0x2f /usr/lib/x86_64-linux-gnu/gcc/ia16-elf/6.3.0/../../../../../ia16-elf/lib/libc.a(lib_a-nano-callocr.o)
                0x00000000000041bc                _calloc_r
 .text          0x00000000000041eb       0xcb /usr/lib/x86_64-linux-gnu/gcc/ia16-elf/6.3.0/../../../../../ia16-elf/lib/libc.a(lib_a-nano-freer.o)
                0x00000000000041eb                _free_r
 .text          0x00000000000042b6      0x148 /usr/lib/x86_64-linux-gnu/gcc/ia16-elf/6.3.0/../../../../../ia16-elf/lib/libc.a(lib_a-nano-mallocr.o)
                0x00000000000042b6                _malloc_r
 .text          0x00000000000043fe       0x74 /usr/lib/x86_64-linux-gnu/gcc/ia16-elf/6.3.0/../../../../../ia16-elf/lib/libc.a(lib_a-nano-reallocr.o)
                0x00000000000043fe                _realloc_r
 .text          0x0000000000004472      0x129 /usr/lib/x86_64-linux-gnu/gcc/ia16-elf/6.3.0/../../../../../ia16-elf/lib/libc.a(lib_a-rand.o)
                0x0000000000004472                srand
                0x00000000000044dd                rand
 .text          0x000000000000459b      0x147 /usr/lib/x86_64-linux-gnu/gcc/ia16-elf/6.3.0/../../../../../ia16-elf/lib/libc.a(lib_a-refill.o)
                0x00000000000045b1                __srefill_r
 .text          0x00000000000046e2       0x71 /usr/lib/x86_64-linux-gnu/gcc/ia16-elf/6.3.0/../../../../../ia16-elf/lib/libc.a(lib_a-rget.o)
                0x00000000000046e2                __srget_r
                0x0000000000004742                __srget
 .text          0x0000000000004753       0x62 /usr/lib/x86_64-linux-gnu/gcc/ia16-elf/6.3.0/../../../../../ia16-elf/lib/libc.a(lib_a-setjmp.o)
                0x0000000000004753                setjmp
                0x0000000000004788                longjmp
 .text          0x00000000000047b5       0x87 /usr/lib/x86_64-linux-gnu/gcc/ia16-elf/6.3.0/../../../../../ia16-elf/lib/libc.a(lib_a-siprintf.o)
                0x00000000000047b5                _siprintf_r
                0x00000000000047f8                siprintf
 .text          0x000000000000483c       0xdb /usr/lib/x86_64-linux-gnu/gcc/ia16-elf/6.3.0/../../../../../ia16-elf/lib/libc.a(lib_a-sniprintf.o)
                0x000000000000483c                _sniprintf_r
                0x00000000000048a9                sniprintf
 .text          0x0000000000004917       0xe0 /usr/lib/x86_64-linux-gnu/gcc/ia16-elf/6.3.0/../../../../../ia16-elf/lib/libc.a(lib_a-stdio.o)
                0x0000000000004917                __sread
                0x0000000000004952                __seofread
                0x0000000000004955                __swrite
                0x00000000000049a2                __sseek
                0x00000000000049e4                __sclose
                0x00000000000049f4                __stextmode
 .text          0x00000000000049f7       0x1e /usr/lib/x86_64-linux-gnu/gcc/ia16-elf/6.3.0/../../../../../ia16-elf/lib/libc.a(lib_a-strcmp.o)
                0x00000000000049f7                strcmp
 .text          0x0000000000004a15       0x1d /usr/lib/x86_64-linux-gnu/gcc/ia16-elf/6.3.0/../../../../../ia16-elf/lib/libc.a(lib_a-strcpy.o)
                0x0000000000004a15                strcpy
 .text          0x0000000000004a32       0x1c /usr/lib/x86_64-linux-gnu/gcc/ia16-elf/6.3.0/../../../../../ia16-elf/lib/libc.a(lib_a-strlen.o)
                0x0000000000004a32                strlen
 .text          0x0000000000004a4e      0x24d /usr/lib/x86_64-linux-gnu/gcc/ia16-elf/6.3.0/../../../../../ia16-elf/lib/libc.a(lib_a-strtol.o)
                0x0000000000004a4e                _strtol_r
                0x0000000000004c81                strtol
 .text          0x0000000000004c9b     0x1122 /usr/lib/x86_64-linux-gnu/gcc/ia16-elf/6.3.0/../../../../../ia16-elf/lib/libc.a(lib_a-svfiprintf.o)
                0x0000000000004c9b                _svfiprintf_r
 .text          0x0000000000005dbd       0x11 /usr/lib/x86_64-linux-gnu/gcc/ia16-elf/6.3.0/../../../../../ia16-elf/lib/libc.a(lib_a-sysisatty.o)
                0x0000000000005dbd                isatty
 .text          0x0000000000005dce       0x17 /usr/lib/x86_64-linux-gnu/gcc/ia16-elf/6.3.0/../../../../../ia16-elf/lib/libc.a(lib_a-sysread.o)
                0x0000000000005dce                read
 .text          0x0000000000005de5       0x17 /usr/lib/x86_64-linux-gnu/gcc/ia16-elf/6.3.0/../../../../../ia16-elf/lib/libc.a(lib_a-syswrite.o)
                0x0000000000005de5                write
 .text          0x0000000000005dfc       0x3a /usr/lib/x86_64-linux-gnu/gcc/ia16-elf/6.3.0/../../../../../ia16-elf/lib/libc.a(lib_a-time.o)
                0x0000000000005dfc                time
 .text          0x0000000000005e36      0x1ab /usr/lib/x86_64-linux-gnu/gcc/ia16-elf/6.3.0/../../../../../ia16-elf/lib/libc.a(lib_a-ungetc.o)
                0x0000000000005e36                __submore
                0x0000000000005ecb                _ungetc_r
                0x0000000000005fcd                ungetc
 .text          0x0000000000005fe1     0x117c /usr/lib/x86_64-linux-gnu/gcc/ia16-elf/6.3.0/../../../../../ia16-elf/lib/libc.a(lib_a-vfiprintf.o)
                0x0000000000005fe1                _vfiprintf_r
                0x0000000000007146                vfiprintf
 .text          0x000000000000715d       0xd0 /usr/lib/x86_64-linux-gnu/gcc/ia16-elf/6.3.0/../../../../../ia16-elf/lib/libc.a(lib_a-wbuf.o)
                0x000000000000715d                __swbuf_r
                0x0000000000007219                __swbuf
 .text          0x000000000000722d       0xc9 /usr/lib/x86_64-linux-gnu/gcc/ia16-elf/6.3.0/../../../../../ia16-elf/lib/libc.a(lib_a-wcrtomb.o)
                0x000000000000722d                _wcrtomb_r
                0x00000000000072df                wcrtomb
 .text          0x00000000000072f6       0x3b /usr/lib/x86_64-linux-gnu/gcc/ia16-elf/6.3.0/../../../../../ia16-elf/lib/libc.a(lib_a-wcsrtombs.o)
                0x00000000000072f6                _wcsrtombs_r
                0x0000000000007313                wcsrtombs
 .text          0x0000000000007331      0x2d0 /usr/lib/x86_64-linux-gnu/gcc/ia16-elf/6.3.0/../../../../../ia16-elf/lib/libc.a(lib_a-wctomb_r.o)
                0x0000000000007331                __ascii_wctomb
                0x0000000000007359                _wctomb_r
                0x0000000000007378                __utf8_wctomb
                0x00000000000074ab                __sjis_wctomb
                0x000000000000750a                __eucjp_wctomb
                0x000000000000757f                __jis_wctomb
 .text          0x0000000000007601       0xf0 /usr/lib/x86_64-linux-gnu/gcc/ia16-elf/6.3.0/../../../../../ia16-elf/lib/libc.a(lib_a-wsetup.o)
                0x0000000000007601                __swsetup_r
 .text          0x00000000000076f1      0x133 /usr/lib/x86_64-linux-gnu/gcc/ia16-elf/6.3.0/../../../../../ia16-elf/lib/libc.a(lib_a-__call_atexit.o)
                0x00000000000076f1                __call_exitprocs
 .text          0x0000000000007824       0x75 /usr/lib/x86_64-linux-gnu/gcc/ia16-elf/6.3.0/../../../../../ia16-elf/lib/libc.a(lib_a-flags.o)
                0x0000000000007824                __sflags
 .text          0x0000000000007899      0x980 /usr/lib/x86_64-linux-gnu/gcc/ia16-elf/6.3.0/../../../../../ia16-elf/lib/libc.a(lib_a-locale.o)
                0x0000000000007f8a                _setlocale_r
                0x00000000000081ed                __locale_charset
                0x00000000000081f1                __locale_mb_cur_max
                0x00000000000081f5                __locale_msgcharset
                0x00000000000081f9                __locale_cjk_lang
                0x00000000000081fd                _localeconv_r
                0x0000000000008201                setlocale
                0x0000000000008215                localeconv
 .text          0x0000000000008219      0x655 /usr/lib/x86_64-linux-gnu/gcc/ia16-elf/6.3.0/../../../../../ia16-elf/lib/libc.a(lib_a-mbtowc_r.o)
                0x0000000000008219                __ascii_mbtowc
                0x000000000000824d                _mbtowc_r
                0x000000000000826f                __utf8_mbtowc
                0x000000000000855e                __sjis_mbtowc
                0x0000000000008616                __eucjp_mbtowc
                0x0000000000008718                __jis_mbtowc
 .text          0x000000000000886e       0x1f /usr/lib/x86_64-linux-gnu/gcc/ia16-elf/6.3.0/../../../../../ia16-elf/lib/libc.a(lib_a-nano-msizer.o)
                0x000000000000886e                _malloc_usable_size_r
 .text          0x000000000000888d       0x32 /usr/lib/x86_64-linux-gnu/gcc/ia16-elf/6.3.0/../../../../../ia16-elf/lib/libc.a(lib_a-sprintr.o)
                0x000000000000888d                __sprint_r
 .text          0x00000000000088bf      0x149 /usr/lib/x86_64-linux-gnu/gcc/ia16-elf/6.3.0/../../../../../ia16-elf/lib/libc.a(lib_a-ssprintr.o)
                0x00000000000088bf                __ssprint_r
 .text          0x0000000000008a08       0x64 /usr/lib/x86_64-linux-gnu/gcc/ia16-elf/6.3.0/../../../../../ia16-elf/lib/libc.a(lib_a-strcasecmp.o)
                0x0000000000008a08                strcasecmp
 .text          0x0000000000008a6c       0x24 /usr/lib/x86_64-linux-gnu/gcc/ia16-elf/6.3.0/../../../../../ia16-elf/lib/libc.a(lib_a-strcat.o)
                0x0000000000008a6c                strcat
 .text          0x0000000000008a90       0x1b /usr/lib/x86_64-linux-gnu/gcc/ia16-elf/6.3.0/../../../../../ia16-elf/lib/libc.a(lib_a-strchr.o)
                0x0000000000008a90                strchr
 .text          0x0000000000008aab       0x3a /usr/lib/x86_64-linux-gnu/gcc/ia16-elf/6.3.0/../../../../../ia16-elf/lib/libc.a(lib_a-strlcpy.o)
                0x0000000000008aab                strlcpy
 .text          0x0000000000008ae5       0x70 /usr/lib/x86_64-linux-gnu/gcc/ia16-elf/6.3.0/../../../../../ia16-elf/lib/libc.a(lib_a-strncasecmp.o)
                0x0000000000008ae5                strncasecmp
 .text          0x0000000000008b55       0x27 /usr/lib/x86_64-linux-gnu/gcc/ia16-elf/6.3.0/../../../../../ia16-elf/lib/libc.a(lib_a-strncmp.o)
                0x0000000000008b55                strncmp
 .text          0x0000000000008b7c       0x2c /usr/lib/x86_64-linux-gnu/gcc/ia16-elf/6.3.0/../../../../../ia16-elf/lib/libc.a(lib_a-strncpy.o)
                0x0000000000008b7c                strncpy
 .text          0x0000000000008ba8      0x173 /usr/lib/x86_64-linux-gnu/gcc/ia16-elf/6.3.0/../../../../../ia16-elf/lib/libc.a(lib_a-wcsnrtombs.o)
                0x0000000000008ba8                _wcsnrtombs_r
                0x0000000000008cfe                wcsnrtombs
 .text          0x0000000000008d1b       0xa2 /usr/lib/x86_64-linux-gnu/gcc/ia16-elf/6.3.0/../../../../../ia16-elf/lib/libc.a(lib_a-getenv_r.o)
                0x0000000000008d1b                _findenv_r
                0x0000000000008da8                _getenv_r
 .text          0x0000000000008dbd        0x2 /usr/lib/x86_64-linux-gnu/gcc/ia16-elf/6.3.0/../../../../../ia16-elf/lib/libc.a(lib_a-envlock.o)
                0x0000000000008dbd                __env_lock
                0x0000000000008dbe                __env_unlock
 .text          0x0000000000008dbf       0x27 /usr/lib/x86_64-linux-gnu/gcc/ia16-elf/6.3.0/libgcc.a(_cmpsi2.o)
                0x0000000000008dbf                __cmpsi2
 .text          0x0000000000008de6       0x27 /usr/lib/x86_64-linux-gnu/gcc/ia16-elf/6.3.0/libgcc.a(_ucmpsi2.o)
                0x0000000000008de6                __ucmpsi2
 .text          0x0000000000008e0d      0x10e /usr/lib/x86_64-linux-gnu/gcc/ia16-elf/6.3.0/libgcc.a(_muldi3.o)
                0x0000000000008e0d                __muldi3
 .text          0x0000000000008f1b       0xa6 /usr/lib/x86_64-linux-gnu/gcc/ia16-elf/6.3.0/libgcc.a(_lshrdi3.o)
                0x0000000000008f1b                __lshrdi3
 .text          0x0000000000008fc1      0x8da /usr/lib/x86_64-linux-gnu/gcc/ia16-elf/6.3.0/libgcc.a(_udivdi3.o)
                0x0000000000008fc1                __udivdi3
 .text          0x000000000000989b      0x8a7 /usr/lib/x86_64-linux-gnu/gcc/ia16-elf/6.3.0/libgcc.a(_umoddi3.o)
                0x000000000000989b                __umoddi3
 .text          0x000000000000a142       0x15 /usr/lib/x86_64-linux-gnu/gcc/ia16-elf/6.3.0/libgcc.a(udivsi3.o)
                0x000000000000a142                __udivsi3
 .text          0x000000000000a157       0x1a /usr/lib/x86_64-linux-gnu/gcc/ia16-elf/6.3.0/libgcc.a(umodsi3.o)
                0x000000000000a157                __umodsi3
 .text          0x000000000000a171       0x4f /usr/lib/x86_64-linux-gnu/gcc/ia16-elf/6.3.0/libgcc.a(ia16-ldivmodu.o)
                0x000000000000a171                __ia16_ldivmodu
 .text          0x000000000000a1c0       0x14 /usr/lib/x86_64-linux-gnu/gcc/ia16-elf/6.3.0/libgcc.a(ashlsi3.o)
                0x000000000000a1c0                __ashlsi3
 .text          0x000000000000a1d4       0x14 /usr/lib/x86_64-linux-gnu/gcc/ia16-elf/6.3.0/libgcc.a(lshrsi3.o)
                0x000000000000a1d4                __lshrsi3
 .text          0x000000000000a1e8        0x0 /usr/lib/x86_64-linux-gnu/gcc/ia16-elf/6.3.0/libgcc.a(_clz.o)
 .text          0x000000000000a1e8       0x18 /usr/lib/x86_64-linux-gnu/gcc/ia16-elf/6.3.0/../../../../../ia16-elf/lib/libdos-s.a(dos-closer.o)
                0x000000000000a1e8                _close_r
 .text          0x000000000000a200        0x0 /usr/lib/x86_64-linux-gnu/gcc/ia16-elf/6.3.0/../../../../../ia16-elf/lib/libdos-s.a(dos-environ.o)
 .text          0x000000000000a200       0xda /usr/lib/x86_64-linux-gnu/gcc/ia16-elf/6.3.0/../../../../../ia16-elf/lib/libdos-s.a(dos-gettimeofdayr.o)
                0x000000000000a200                _gettimeofday_r
 .text          0x000000000000a2da       0x21 /usr/lib/x86_64-linux-gnu/gcc/ia16-elf/6.3.0/../../../../../ia16-elf/lib/libdos-s.a(dos-isattyr.o)
                0x000000000000a2da                _isatty_r
 .text          0x000000000000a2fb       0x1e /usr/lib/x86_64-linux-gnu/gcc/ia16-elf/6.3.0/../../../../../ia16-elf/lib/libdos-s.a(dos-lseekr.o)
                0x000000000000a2fb                _lseek_r
 .text          0x000000000000a319       0xea /usr/lib/x86_64-linux-gnu/gcc/ia16-elf/6.3.0/../../../../../ia16-elf/lib/libdos-s.a(dos-openr.o)
                0x000000000000a319                _open_r
 .text          0x000000000000a403       0x1b /usr/lib/x86_64-linux-gnu/gcc/ia16-elf/6.3.0/../../../../../ia16-elf/lib/libdos-s.a(dos-readr.o)
                0x000000000000a403                _read_r
 .text          0x000000000000a41e       0x51 /usr/lib/x86_64-linux-gnu/gcc/ia16-elf/6.3.0/../../../../../ia16-elf/lib/libdos-s.a(dos-sbrkr.o)
                0x000000000000a41e                _sbrk_r
 .text          0x000000000000a46f       0x1f /usr/lib/x86_64-linux-gnu/gcc/ia16-elf/6.3.0/../../../../../ia16-elf/lib/libdos-s.a(dos-writer.o)
                0x000000000000a46f                _write_r
 .text          0x000000000000a48e       0x2d /usr/lib/x86_64-linux-gnu/gcc/ia16-elf/6.3.0/../../../../../ia16-elf/lib/libdos-s.a(dos-msmmabort.o)
                0x000000000000a48e                abort
 .text          0x000000000000a4bb        0x0 /usr/lib/x86_64-linux-gnu/gcc/ia16-elf/6.3.0/../../../../../ia16-elf/lib/libdos-s.a(dos-heaplen.o)
 *fill*         0x000000000000a4bb        0x1 
 .text          0x000000000000a4bc        0x2 /usr/lib/x86_64-linux-gnu/gcc/ia16-elf/6.3.0/../../../../../ia16-elf/lib/libdos-s.a(dos-near-data-segment.o)
                0x000000000000a4bc                __ia16_near_data_segment
 .text          0x000000000000a4be       0xc3 /usr/lib/x86_64-linux-gnu/gcc/ia16-elf/6.3.0/../../../../../ia16-elf/lib/libc.a(lib_a-abort.o)
                0x000000000000a538                __ia16_abort_impl
 .text          0x000000000000a581      0x649 /usr/lib/x86_64-linux-gnu/gcc/ia16-elf/6.3.0/../../../../../ia16-elf/lib/libc.a(lib_a-mktime.o)
                0x000000000000a791                mktime
 .text          0x000000000000abca       0x11 /usr/lib/x86_64-linux-gnu/gcc/ia16-elf/6.3.0/../../../../../ia16-elf/lib/libc.a(lib_a-sysclose.o)
                0x000000000000abca                close
 .text          0x000000000000abdb      0x1c7 /usr/lib/x86_64-linux-gnu/gcc/ia16-elf/6.3.0/../../../../../ia16-elf/lib/libc.a(lib_a-tzcalc_limits.o)
                0x000000000000abdb                __tzcalc_limits
 .text          0x000000000000ada2        0xd /usr/lib/x86_64-linux-gnu/gcc/ia16-elf/6.3.0/../../../../../ia16-elf/lib/libc.a(lib_a-tzset.o)
                0x000000000000ada2                tzset
                0x000000000000adad                _tzset_unlocked
 .text          0x000000000000adaf      0x49e /usr/lib/x86_64-linux-gnu/gcc/ia16-elf/6.3.0/../../../../../ia16-elf/lib/libc.a(lib_a-tzset_r.o)
                0x000000000000ae84                _tzset_unlocked_r
                0x000000000000b24a                _tzset_r
 .text          0x000000000000b24d        0x0 /usr/lib/x86_64-linux-gnu/gcc/ia16-elf/6.3.0/../../../../../ia16-elf/lib/libc.a(lib_a-tzvars.o)
 .text          0x000000000000b24d       0x22 /usr/lib/x86_64-linux-gnu/gcc/ia16-elf/6.3.0/../../../../../ia16-elf/lib/libc.a(lib_a-div.o)
                0x000000000000b24d                div
 .text          0x000000000000b26f        0x4 /usr/lib/x86_64-linux-gnu/gcc/ia16-elf/6.3.0/../../../../../ia16-elf/lib/libc.a(lib_a-gettzinfo.o)
                0x000000000000b26f                __gettzinfo
 .text          0x000000000000b273        0x0 /usr/lib/x86_64-linux-gnu/gcc/ia16-elf/6.3.0/../../../../../ia16-elf/lib/libc.a(lib_a-month_lengths.o)
 .text          0x000000000000b273       0x27 /usr/lib/x86_64-linux-gnu/gcc/ia16-elf/6.3.0/../../../../../ia16-elf/lib/libc.a(lib_a-strcspn.o)
                0x000000000000b273                strcspn
 .text          0x000000000000b29a      0x230 /usr/lib/x86_64-linux-gnu/gcc/ia16-elf/6.3.0/../../../../../ia16-elf/lib/libc.a(lib_a-strtoul.o)
                0x000000000000b29a                _strtoul_r
                0x000000000000b4b0                strtoul
 .text          0x000000000000b4ca       0x15 /usr/lib/x86_64-linux-gnu/gcc/ia16-elf/6.3.0/libgcc.a(divsi3.o)
                0x000000000000b4ca                __divsi3
 .text          0x000000000000b4df       0x1a /usr/lib/x86_64-linux-gnu/gcc/ia16-elf/6.3.0/libgcc.a(modsi3.o)
                0x000000000000b4df                __modsi3
 .text          0x000000000000b4f9       0x36 /usr/lib/x86_64-linux-gnu/gcc/ia16-elf/6.3.0/libgcc.a(ia16-ldivmods.o)
                0x000000000000b4f9                __ia16_ldivmods
 *(.text.*)
 .text.startup  0x000000000000b52f      0x212 /tmp/ccb2yFhj.o
                0x000000000000b52f                main
 .text.startup  0x000000000000b741       0x5d /usr/lib/x86_64-linux-gnu/gcc/ia16-elf/6.3.0/../../../../../ia16-elf/lib/libi86.a(libi86-con-in-fd.o)
 .text.exit     0x000000000000b79e       0x19 /usr/lib/x86_64-linux-gnu/gcc/ia16-elf/6.3.0/../../../../../ia16-elf/lib/libi86.a(libi86-con-in-fd.o)
                0x000000000000b7b7                __etext = .
                0x000000000000b7c0                . = ALIGN (0x10)
 *fill*         0x000000000000b7b7        0x9 
                0x000000000000b7c0                __etext_padded = .
                0x0000000000000001                ASSERT ((. <= 0x10000), Error: too large for a small or medium model .exe file.)
                0x000000000000b797                __ltext = (__etext - __stext)
                0x000000000000b7a0                __ltext_padded = (__etext_padded - __stext)

.fartext.00$    0x0000000000000000        0x0 load address 0x000000000000b7c0
 *(.fartext.*00 .fartext.*00$)
                0x0000000000000000                . = ALIGN (0x10)

.fartext.01$    0x0000000000000000        0x0 load address 0x000000000000b7c0
 *(.fartext.*01 .fartext.*01$)
                0x0000000000000000                . = ALIGN (0x10)

.fartext.02$    0x0000000000000000        0x0 load address 0x000000000000b7c0
 *(.fartext.*02 .fartext.*02$)
                0x0000000000000000                . = ALIGN (0x10)

.fartext.03$    0x0000000000000000        0x0 load address 0x000000000000b7c0
 *(.fartext.*03 .fartext.*03$)
                0x0000000000000000                . = ALIGN (0x10)

.fartext.04$    0x0000000000000000        0x0 load address 0x000000000000b7c0
 *(.fartext.*04 .fartext.*04$)
                0x0000000000000000                . = ALIGN (0x10)

.fartext.05$    0x0000000000000000        0x0 load address 0x000000000000b7c0
 *(.fartext.*05 .fartext.*05$)
                0x0000000000000000                . = ALIGN (0x10)

.fartext.06$    0x0000000000000000        0x0 load address 0x000000000000b7c0
 *(.fartext.*06 .fartext.*06$)
                0x0000000000000000                . = ALIGN (0x10)

.fartext.07$    0x0000000000000000        0x0 load address 0x000000000000b7c0
 *(.fartext.*07 .fartext.*07$)
                0x0000000000000000                . = ALIGN (0x10)

.fartext.10$    0x0000000000000000        0x0 load address 0x000000000000b7c0
 *(.fartext.*10 .fartext.*10$)
                0x0000000000000000                . = ALIGN (0x10)

.fartext.11$    0x0000000000000000        0x0 load address 0x000000000000b7c0
 *(.fartext.*11 .fartext.*11$)
                0x0000000000000000                . = ALIGN (0x10)

.fartext.12$    0x0000000000000000        0x0 load address 0x000000000000b7c0
 *(.fartext.*12 .fartext.*12$)
                0x0000000000000000                . = ALIGN (0x10)

.fartext.13$    0x0000000000000000        0x0 load address 0x000000000000b7c0
 *(.fartext.*13 .fartext.*13$)
                0x0000000000000000                . = ALIGN (0x10)

.fartext.14$    0x0000000000000000        0x0 load address 0x000000000000b7c0
 *(.fartext.*14 .fartext.*14$)
                0x0000000000000000                . = ALIGN (0x10)

.fartext.15$    0x0000000000000000        0x0 load address 0x000000000000b7c0
 *(.fartext.*15 .fartext.*15$)
                0x0000000000000000                . = ALIGN (0x10)

.fartext.16$    0x0000000000000000        0x0 load address 0x000000000000b7c0
 *(.fartext.*16 .fartext.*16$)
                0x0000000000000000                . = ALIGN (0x10)

.fartext.17$    0x0000000000000000        0x0 load address 0x000000000000b7c0
 *(.fartext.*17 .fartext.*17$)
                0x0000000000000000                . = ALIGN (0x10)

.fartext.20$    0x0000000000000000        0x0 load address 0x000000000000b7c0
 *(.fartext.*20 .fartext.*20$)
                0x0000000000000000                . = ALIGN (0x10)

.fartext.21$    0x0000000000000000        0x0 load address 0x000000000000b7c0
 *(.fartext.*21 .fartext.*21$)
                0x0000000000000000                . = ALIGN (0x10)

.fartext.22$    0x0000000000000000        0x0 load address 0x000000000000b7c0
 *(.fartext.*22 .fartext.*22$)
                0x0000000000000000                . = ALIGN (0x10)

.fartext.23$    0x0000000000000000        0x0 load address 0x000000000000b7c0
 *(.fartext.*23 .fartext.*23$)
                0x0000000000000000                . = ALIGN (0x10)

.fartext.24$    0x0000000000000000        0x0 load address 0x000000000000b7c0
 *(.fartext.*24 .fartext.*24$)
                0x0000000000000000                . = ALIGN (0x10)

.fartext.25$    0x0000000000000000        0x0 load address 0x000000000000b7c0
 *(.fartext.*25 .fartext.*25$)
                0x0000000000000000                . = ALIGN (0x10)

.fartext.26$    0x0000000000000000        0x0 load address 0x000000000000b7c0
 *(.fartext.*26 .fartext.*26$)
                0x0000000000000000                . = ALIGN (0x10)

.fartext.27$    0x0000000000000000        0x0 load address 0x000000000000b7c0
 *(.fartext.*27 .fartext.*27$)
                0x0000000000000000                . = ALIGN (0x10)

.fartext.30$    0x0000000000000000        0x0 load address 0x000000000000b7c0
 *(.fartext.*30 .fartext.*30$)
                0x0000000000000000                . = ALIGN (0x10)

.fartext.31$    0x0000000000000000        0x0 load address 0x000000000000b7c0
 *(.fartext.*31 .fartext.*31$)
                0x0000000000000000                . = ALIGN (0x10)

.fartext.32$    0x0000000000000000        0x0 load address 0x000000000000b7c0
 *(.fartext.*32 .fartext.*32$)
                0x0000000000000000                . = ALIGN (0x10)

.fartext.33$    0x0000000000000000        0x0 load address 0x000000000000b7c0
 *(.fartext.*33 .fartext.*33$)
                0x0000000000000000                . = ALIGN (0x10)

.fartext.34$    0x0000000000000000        0x0 load address 0x000000000000b7c0
 *(.fartext.*34 .fartext.*34$)
                0x0000000000000000                . = ALIGN (0x10)

.fartext.35$    0x0000000000000000        0x0 load address 0x000000000000b7c0
 *(.fartext.*35 .fartext.*35$)
                0x0000000000000000                . = ALIGN (0x10)

.fartext.36$    0x0000000000000000        0x0 load address 0x000000000000b7c0
 *(.fartext.*36 .fartext.*36$)
                0x0000000000000000                . = ALIGN (0x10)

.fartext.37$    0x0000000000000000        0x0 load address 0x000000000000b7c0
 *(.fartext.*37 .fartext.*37$)
                0x0000000000000000                . = ALIGN (0x10)

.fartext.40$    0x0000000000000000        0x0 load address 0x000000000000b7c0
 *(.fartext.*40 .fartext.*40$)
                0x0000000000000000                . = ALIGN (0x10)

.fartext.41$    0x0000000000000000        0x0 load address 0x000000000000b7c0
 *(.fartext.*41 .fartext.*41$)
                0x0000000000000000                . = ALIGN (0x10)

.fartext.42$    0x0000000000000000        0x0 load address 0x000000000000b7c0
 *(.fartext.*42 .fartext.*42$)
                0x0000000000000000                . = ALIGN (0x10)

.fartext.43$    0x0000000000000000        0x0 load address 0x000000000000b7c0
 *(.fartext.*43 .fartext.*43$)
                0x0000000000000000                . = ALIGN (0x10)

.fartext.44$    0x0000000000000000        0x0 load address 0x000000000000b7c0
 *(.fartext.*44 .fartext.*44$)
                0x0000000000000000                . = ALIGN (0x10)

.fartext.45$    0x0000000000000000        0x0 load address 0x000000000000b7c0
 *(.fartext.*45 .fartext.*45$)
                0x0000000000000000                . = ALIGN (0x10)

.fartext.46$    0x0000000000000000        0x0 load address 0x000000000000b7c0
 *(.fartext.*46 .fartext.*46$)
                0x0000000000000000                . = ALIGN (0x10)

.fartext.47$    0x0000000000000000        0x0 load address 0x000000000000b7c0
 *(.fartext.*47 .fartext.*47$)
                0x0000000000000000                . = ALIGN (0x10)

.fartext.50$    0x0000000000000000        0x0 load address 0x000000000000b7c0
 *(.fartext.*50 .fartext.*50$)
                0x0000000000000000                . = ALIGN (0x10)

.fartext.51$    0x0000000000000000        0x0 load address 0x000000000000b7c0
 *(.fartext.*51 .fartext.*51$)
                0x0000000000000000                . = ALIGN (0x10)

.fartext.52$    0x0000000000000000        0x0 load address 0x000000000000b7c0
 *(.fartext.*52 .fartext.*52$)
                0x0000000000000000                . = ALIGN (0x10)

.fartext.53$    0x0000000000000000        0x0 load address 0x000000000000b7c0
 *(.fartext.*53 .fartext.*53$)
                0x0000000000000000                . = ALIGN (0x10)

.fartext.54$    0x0000000000000000        0x0 load address 0x000000000000b7c0
 *(.fartext.*54 .fartext.*54$)
                0x0000000000000000                . = ALIGN (0x10)

.fartext.55$    0x0000000000000000        0x0 load address 0x000000000000b7c0
 *(.fartext.*55 .fartext.*55$)
                0x0000000000000000                . = ALIGN (0x10)

.fartext.56$    0x0000000000000000        0x0 load address 0x000000000000b7c0
 *(.fartext.*56 .fartext.*56$)
                0x0000000000000000                . = ALIGN (0x10)

.fartext.57$    0x0000000000000000        0x0 load address 0x000000000000b7c0
 *(.fartext.*57 .fartext.*57$)
                0x0000000000000000                . = ALIGN (0x10)

.fartext.60$    0x0000000000000000        0x0 load address 0x000000000000b7c0
 *(.fartext.*60 .fartext.*60$)
                0x0000000000000000                . = ALIGN (0x10)

.fartext.61$    0x0000000000000000        0x0 load address 0x000000000000b7c0
 *(.fartext.*61 .fartext.*61$)
                0x0000000000000000                . = ALIGN (0x10)

.fartext.62$    0x0000000000000000        0x0 load address 0x000000000000b7c0
 *(.fartext.*62 .fartext.*62$)
                0x0000000000000000                . = ALIGN (0x10)

.fartext.63$    0x0000000000000000        0x0 load address 0x000000000000b7c0
 *(.fartext.*63 .fartext.*63$)
                0x0000000000000000                . = ALIGN (0x10)

.fartext.64$    0x0000000000000000        0x0 load address 0x000000000000b7c0
 *(.fartext.*64 .fartext.*64$)
                0x0000000000000000                . = ALIGN (0x10)

.fartext.65$    0x0000000000000000        0x0 load address 0x000000000000b7c0
 *(.fartext.*65 .fartext.*65$)
                0x0000000000000000                . = ALIGN (0x10)

.fartext.66$    0x0000000000000000        0x0 load address 0x000000000000b7c0
 *(.fartext.*66 .fartext.*66$)
                0x0000000000000000                . = ALIGN (0x10)

.fartext.67$    0x0000000000000000        0x0 load address 0x000000000000b7c0
 *(.fartext.*67 .fartext.*67$)
                0x0000000000000000                . = ALIGN (0x10)

.fartext.70$    0x0000000000000000        0x0 load address 0x000000000000b7c0
 *(.fartext.*70 .fartext.*70$)
                0x0000000000000000                . = ALIGN (0x10)

.fartext.71$    0x0000000000000000        0x0 load address 0x000000000000b7c0
 *(.fartext.*71 .fartext.*71$)
                0x0000000000000000                . = ALIGN (0x10)

.fartext.72$    0x0000000000000000        0x0 load address 0x000000000000b7c0
 *(.fartext.*72 .fartext.*72$)
                0x0000000000000000                . = ALIGN (0x10)

.fartext.73$    0x0000000000000000        0x0 load address 0x000000000000b7c0
 *(.fartext.*73 .fartext.*73$)
                0x0000000000000000                . = ALIGN (0x10)

.fartext.74$    0x0000000000000000        0x0 load address 0x000000000000b7c0
 *(.fartext.*74 .fartext.*74$)
                0x0000000000000000                . = ALIGN (0x10)

.fartext.75$    0x0000000000000000        0x0 load address 0x000000000000b7c0
 *(.fartext.*75 .fartext.*75$)
                0x0000000000000000                . = ALIGN (0x10)

.fartext.76$    0x0000000000000000        0x0 load address 0x000000000000b7c0
 *(.fartext.*76 .fartext.*76$)
                0x0000000000000000                . = ALIGN (0x10)

.fartext.77$    0x0000000000000000        0x0 load address 0x000000000000b7c0
 *(.fartext.*77 .fartext.*77$)
                0x0000000000000000                . = ALIGN (0x10)

.fartext.XX$    0x0000000000000000        0x0 load address 0x000000000000b7c0
 *(.fartext .fartext$ .fartext.*)
                0x0000000000000000                . = ALIGN (0x10)

.farrodata.00$  0x0000000000000000        0x0 load address 0x000000000000b7c0
 *(.farrodata.*00 .farrodata.*00$)
                0x0000000000000000                . = ALIGN (0x10)

.farrodata.01$  0x0000000000000000        0x0 load address 0x000000000000b7c0
 *(.farrodata.*01 .farrodata.*01$)
                0x0000000000000000                . = ALIGN (0x10)

.farrodata.02$  0x0000000000000000        0x0 load address 0x000000000000b7c0
 *(.farrodata.*02 .farrodata.*02$)
                0x0000000000000000                . = ALIGN (0x10)

.farrodata.03$  0x0000000000000000        0x0 load address 0x000000000000b7c0
 *(.farrodata.*03 .farrodata.*03$)
                0x0000000000000000                . = ALIGN (0x10)

.farrodata.04$  0x0000000000000000        0x0 load address 0x000000000000b7c0
 *(.farrodata.*04 .farrodata.*04$)
                0x0000000000000000                . = ALIGN (0x10)

.farrodata.05$  0x0000000000000000        0x0 load address 0x000000000000b7c0
 *(.farrodata.*05 .farrodata.*05$)
                0x0000000000000000                . = ALIGN (0x10)

.farrodata.06$  0x0000000000000000        0x0 load address 0x000000000000b7c0
 *(.farrodata.*06 .farrodata.*06$)
                0x0000000000000000                . = ALIGN (0x10)

.farrodata.07$  0x0000000000000000        0x0 load address 0x000000000000b7c0
 *(.farrodata.*07 .farrodata.*07$)
                0x0000000000000000                . = ALIGN (0x10)

.farrodata.10$  0x0000000000000000        0x0 load address 0x000000000000b7c0
 *(.farrodata.*10 .farrodata.*10$)
                0x0000000000000000                . = ALIGN (0x10)

.farrodata.11$  0x0000000000000000        0x0 load address 0x000000000000b7c0
 *(.farrodata.*11 .farrodata.*11$)
                0x0000000000000000                . = ALIGN (0x10)

.farrodata.12$  0x0000000000000000        0x0 load address 0x000000000000b7c0
 *(.farrodata.*12 .farrodata.*12$)
                0x0000000000000000                . = ALIGN (0x10)

.farrodata.13$  0x0000000000000000        0x0 load address 0x000000000000b7c0
 *(.farrodata.*13 .farrodata.*13$)
                0x0000000000000000                . = ALIGN (0x10)

.farrodata.14$  0x0000000000000000        0x0 load address 0x000000000000b7c0
 *(.farrodata.*14 .farrodata.*14$)
                0x0000000000000000                . = ALIGN (0x10)

.farrodata.15$  0x0000000000000000        0x0 load address 0x000000000000b7c0
 *(.farrodata.*15 .farrodata.*15$)
                0x0000000000000000                . = ALIGN (0x10)

.farrodata.16$  0x0000000000000000        0x0 load address 0x000000000000b7c0
 *(.farrodata.*16 .farrodata.*16$)
                0x0000000000000000                . = ALIGN (0x10)

.farrodata.17$  0x0000000000000000        0x0 load address 0x000000000000b7c0
 *(.farrodata.*17 .farrodata.*17$)
                0x0000000000000000                . = ALIGN (0x10)

.farrodata.20$  0x0000000000000000        0x0 load address 0x000000000000b7c0
 *(.farrodata.*20 .farrodata.*20$)
                0x0000000000000000                . = ALIGN (0x10)

.farrodata.21$  0x0000000000000000        0x0 load address 0x000000000000b7c0
 *(.farrodata.*21 .farrodata.*21$)
                0x0000000000000000                . = ALIGN (0x10)

.farrodata.22$  0x0000000000000000        0x0 load address 0x000000000000b7c0
 *(.farrodata.*22 .farrodata.*22$)
                0x0000000000000000                . = ALIGN (0x10)

.farrodata.23$  0x0000000000000000        0x0 load address 0x000000000000b7c0
 *(.farrodata.*23 .farrodata.*23$)
                0x0000000000000000                . = ALIGN (0x10)

.farrodata.24$  0x0000000000000000        0x0 load address 0x000000000000b7c0
 *(.farrodata.*24 .farrodata.*24$)
                0x0000000000000000                . = ALIGN (0x10)

.farrodata.25$  0x0000000000000000        0x0 load address 0x000000000000b7c0
 *(.farrodata.*25 .farrodata.*25$)
                0x0000000000000000                . = ALIGN (0x10)

.farrodata.26$  0x0000000000000000        0x0 load address 0x000000000000b7c0
 *(.farrodata.*26 .farrodata.*26$)
                0x0000000000000000                . = ALIGN (0x10)

.farrodata.27$  0x0000000000000000        0x0 load address 0x000000000000b7c0
 *(.farrodata.*27 .farrodata.*27$)
                0x0000000000000000                . = ALIGN (0x10)

.farrodata.30$  0x0000000000000000        0x0 load address 0x000000000000b7c0
 *(.farrodata.*30 .farrodata.*30$)
                0x0000000000000000                . = ALIGN (0x10)

.farrodata.31$  0x0000000000000000        0x0 load address 0x000000000000b7c0
 *(.farrodata.*31 .farrodata.*31$)
                0x0000000000000000                . = ALIGN (0x10)

.farrodata.32$  0x0000000000000000        0x0 load address 0x000000000000b7c0
 *(.farrodata.*32 .farrodata.*32$)
                0x0000000000000000                . = ALIGN (0x10)

.farrodata.33$  0x0000000000000000        0x0 load address 0x000000000000b7c0
 *(.farrodata.*33 .farrodata.*33$)
                0x0000000000000000                . = ALIGN (0x10)

.farrodata.34$  0x0000000000000000        0x0 load address 0x000000000000b7c0
 *(.farrodata.*34 .farrodata.*34$)
                0x0000000000000000                . = ALIGN (0x10)

.farrodata.35$  0x0000000000000000        0x0 load address 0x000000000000b7c0
 *(.farrodata.*35 .farrodata.*35$)
                0x0000000000000000                . = ALIGN (0x10)

.farrodata.36$  0x0000000000000000        0x0 load address 0x000000000000b7c0
 *(.farrodata.*36 .farrodata.*36$)
                0x0000000000000000                . = ALIGN (0x10)

.farrodata.37$  0x0000000000000000        0x0 load address 0x000000000000b7c0
 *(.farrodata.*37 .farrodata.*37$)
                0x0000000000000000                . = ALIGN (0x10)

.farrodata.40$  0x0000000000000000        0x0 load address 0x000000000000b7c0
 *(.farrodata.*40 .farrodata.*40$)
                0x0000000000000000                . = ALIGN (0x10)

.farrodata.41$  0x0000000000000000        0x0 load address 0x000000000000b7c0
 *(.farrodata.*41 .farrodata.*41$)
                0x0000000000000000                . = ALIGN (0x10)

.farrodata.42$  0x0000000000000000        0x0 load address 0x000000000000b7c0
 *(.farrodata.*42 .farrodata.*42$)
                0x0000000000000000                . = ALIGN (0x10)

.farrodata.43$  0x0000000000000000        0x0 load address 0x000000000000b7c0
 *(.farrodata.*43 .farrodata.*43$)
                0x0000000000000000                . = ALIGN (0x10)

.farrodata.44$  0x0000000000000000        0x0 load address 0x000000000000b7c0
 *(.farrodata.*44 .farrodata.*44$)
                0x0000000000000000                . = ALIGN (0x10)

.farrodata.45$  0x0000000000000000        0x0 load address 0x000000000000b7c0
 *(.farrodata.*45 .farrodata.*45$)
                0x0000000000000000                . = ALIGN (0x10)

.farrodata.46$  0x0000000000000000        0x0 load address 0x000000000000b7c0
 *(.farrodata.*46 .farrodata.*46$)
                0x0000000000000000                . = ALIGN (0x10)

.farrodata.47$  0x0000000000000000        0x0 load address 0x000000000000b7c0
 *(.farrodata.*47 .farrodata.*47$)
                0x0000000000000000                . = ALIGN (0x10)

.farrodata.50$  0x0000000000000000        0x0 load address 0x000000000000b7c0
 *(.farrodata.*50 .farrodata.*50$)
                0x0000000000000000                . = ALIGN (0x10)

.farrodata.51$  0x0000000000000000        0x0 load address 0x000000000000b7c0
 *(.farrodata.*51 .farrodata.*51$)
                0x0000000000000000                . = ALIGN (0x10)

.farrodata.52$  0x0000000000000000        0x0 load address 0x000000000000b7c0
 *(.farrodata.*52 .farrodata.*52$)
                0x0000000000000000                . = ALIGN (0x10)

.farrodata.53$  0x0000000000000000        0x0 load address 0x000000000000b7c0
 *(.farrodata.*53 .farrodata.*53$)
                0x0000000000000000                . = ALIGN (0x10)

.farrodata.54$  0x0000000000000000        0x0 load address 0x000000000000b7c0
 *(.farrodata.*54 .farrodata.*54$)
                0x0000000000000000                . = ALIGN (0x10)

.farrodata.55$  0x0000000000000000        0x0 load address 0x000000000000b7c0
 *(.farrodata.*55 .farrodata.*55$)
                0x0000000000000000                . = ALIGN (0x10)

.farrodata.56$  0x0000000000000000        0x0 load address 0x000000000000b7c0
 *(.farrodata.*56 .farrodata.*56$)
                0x0000000000000000                . = ALIGN (0x10)

.farrodata.57$  0x0000000000000000        0x0 load address 0x000000000000b7c0
 *(.farrodata.*57 .farrodata.*57$)
                0x0000000000000000                . = ALIGN (0x10)

.farrodata.60$  0x0000000000000000        0x0 load address 0x000000000000b7c0
 *(.farrodata.*60 .farrodata.*60$)
                0x0000000000000000                . = ALIGN (0x10)

.farrodata.61$  0x0000000000000000        0x0 load address 0x000000000000b7c0
 *(.farrodata.*61 .farrodata.*61$)
                0x0000000000000000                . = ALIGN (0x10)

.farrodata.62$  0x0000000000000000        0x0 load address 0x000000000000b7c0
 *(.farrodata.*62 .farrodata.*62$)
                0x0000000000000000                . = ALIGN (0x10)

.farrodata.63$  0x0000000000000000        0x0 load address 0x000000000000b7c0
 *(.farrodata.*63 .farrodata.*63$)
                0x0000000000000000                . = ALIGN (0x10)

.farrodata.64$  0x0000000000000000        0x0 load address 0x000000000000b7c0
 *(.farrodata.*64 .farrodata.*64$)
                0x0000000000000000                . = ALIGN (0x10)

.farrodata.65$  0x0000000000000000        0x0 load address 0x000000000000b7c0
 *(.farrodata.*65 .farrodata.*65$)
                0x0000000000000000                . = ALIGN (0x10)

.farrodata.66$  0x0000000000000000        0x0 load address 0x000000000000b7c0
 *(.farrodata.*66 .farrodata.*66$)
                0x0000000000000000                . = ALIGN (0x10)

.farrodata.67$  0x0000000000000000        0x0 load address 0x000000000000b7c0
 *(.farrodata.*67 .farrodata.*67$)
                0x0000000000000000                . = ALIGN (0x10)

.farrodata.70$  0x0000000000000000        0x0 load address 0x000000000000b7c0
 *(.farrodata.*70 .farrodata.*70$)
                0x0000000000000000                . = ALIGN (0x10)

.farrodata.71$  0x0000000000000000        0x0 load address 0x000000000000b7c0
 *(.farrodata.*71 .farrodata.*71$)
                0x0000000000000000                . = ALIGN (0x10)

.farrodata.72$  0x0000000000000000        0x0 load address 0x000000000000b7c0
 *(.farrodata.*72 .farrodata.*72$)
                0x0000000000000000                . = ALIGN (0x10)

.farrodata.73$  0x0000000000000000        0x0 load address 0x000000000000b7c0
 *(.farrodata.*73 .farrodata.*73$)
                0x0000000000000000                . = ALIGN (0x10)

.farrodata.74$  0x0000000000000000        0x0 load address 0x000000000000b7c0
 *(.farrodata.*74 .farrodata.*74$)
                0x0000000000000000                . = ALIGN (0x10)

.farrodata.75$  0x0000000000000000        0x0 load address 0x000000000000b7c0
 *(.farrodata.*75 .farrodata.*75$)
                0x0000000000000000                . = ALIGN (0x10)

.farrodata.76$  0x0000000000000000        0x0 load address 0x000000000000b7c0
 *(.farrodata.*76 .farrodata.*76$)
                0x0000000000000000                . = ALIGN (0x10)

.farrodata.77$  0x0000000000000000        0x0 load address 0x000000000000b7c0
 *(.farrodata.*77 .farrodata.*77$)
                0x0000000000000000                . = ALIGN (0x10)

.farrodata.XX$  0x0000000000000000        0x0 load address 0x000000000000b7c0
 *(.farrodata .farrodata$ .farrodata.*)
                0x0000000000000000                . = ALIGN (0x10)

.fardata.00$    0x0000000000000000        0x0 load address 0x000000000000b7c0
 *(.fardata.*00 .fardata.*00$)
                0x0000000000000000                . = ALIGN (0x10)

.fardata.01$    0x0000000000000000        0x0 load address 0x000000000000b7c0
 *(.fardata.*01 .fardata.*01$)
                0x0000000000000000                . = ALIGN (0x10)

.fardata.02$    0x0000000000000000        0x0 load address 0x000000000000b7c0
 *(.fardata.*02 .fardata.*02$)
                0x0000000000000000                . = ALIGN (0x10)

.fardata.03$    0x0000000000000000        0x0 load address 0x000000000000b7c0
 *(.fardata.*03 .fardata.*03$)
                0x0000000000000000                . = ALIGN (0x10)

.fardata.04$    0x0000000000000000        0x0 load address 0x000000000000b7c0
 *(.fardata.*04 .fardata.*04$)
                0x0000000000000000                . = ALIGN (0x10)

.fardata.05$    0x0000000000000000        0x0 load address 0x000000000000b7c0
 *(.fardata.*05 .fardata.*05$)
                0x0000000000000000                . = ALIGN (0x10)

.fardata.06$    0x0000000000000000        0x0 load address 0x000000000000b7c0
 *(.fardata.*06 .fardata.*06$)
                0x0000000000000000                . = ALIGN (0x10)

.fardata.07$    0x0000000000000000        0x0 load address 0x000000000000b7c0
 *(.fardata.*07 .fardata.*07$)
                0x0000000000000000                . = ALIGN (0x10)

.fardata.10$    0x0000000000000000        0x0 load address 0x000000000000b7c0
 *(.fardata.*10 .fardata.*10$)
                0x0000000000000000                . = ALIGN (0x10)

.fardata.11$    0x0000000000000000        0x0 load address 0x000000000000b7c0
 *(.fardata.*11 .fardata.*11$)
                0x0000000000000000                . = ALIGN (0x10)

.fardata.12$    0x0000000000000000        0x0 load address 0x000000000000b7c0
 *(.fardata.*12 .fardata.*12$)
                0x0000000000000000                . = ALIGN (0x10)

.fardata.13$    0x0000000000000000        0x0 load address 0x000000000000b7c0
 *(.fardata.*13 .fardata.*13$)
                0x0000000000000000                . = ALIGN (0x10)

.fardata.14$    0x0000000000000000        0x0 load address 0x000000000000b7c0
 *(.fardata.*14 .fardata.*14$)
                0x0000000000000000                . = ALIGN (0x10)

.fardata.15$    0x0000000000000000        0x0 load address 0x000000000000b7c0
 *(.fardata.*15 .fardata.*15$)
                0x0000000000000000                . = ALIGN (0x10)

.fardata.16$    0x0000000000000000        0x0 load address 0x000000000000b7c0
 *(.fardata.*16 .fardata.*16$)
                0x0000000000000000                . = ALIGN (0x10)

.fardata.17$    0x0000000000000000        0x0 load address 0x000000000000b7c0
 *(.fardata.*17 .fardata.*17$)
                0x0000000000000000                . = ALIGN (0x10)

.fardata.20$    0x0000000000000000        0x0 load address 0x000000000000b7c0
 *(.fardata.*20 .fardata.*20$)
                0x0000000000000000                . = ALIGN (0x10)

.fardata.21$    0x0000000000000000        0x0 load address 0x000000000000b7c0
 *(.fardata.*21 .fardata.*21$)
                0x0000000000000000                . = ALIGN (0x10)

.fardata.22$    0x0000000000000000        0x0 load address 0x000000000000b7c0
 *(.fardata.*22 .fardata.*22$)
                0x0000000000000000                . = ALIGN (0x10)

.fardata.23$    0x0000000000000000        0x0 load address 0x000000000000b7c0
 *(.fardata.*23 .fardata.*23$)
                0x0000000000000000                . = ALIGN (0x10)

.fardata.24$    0x0000000000000000        0x0 load address 0x000000000000b7c0
 *(.fardata.*24 .fardata.*24$)
                0x0000000000000000                . = ALIGN (0x10)

.fardata.25$    0x0000000000000000        0x0 load address 0x000000000000b7c0
 *(.fardata.*25 .fardata.*25$)
                0x0000000000000000                . = ALIGN (0x10)

.fardata.26$    0x0000000000000000        0x0 load address 0x000000000000b7c0
 *(.fardata.*26 .fardata.*26$)
                0x0000000000000000                . = ALIGN (0x10)

.fardata.27$    0x0000000000000000        0x0 load address 0x000000000000b7c0
 *(.fardata.*27 .fardata.*27$)
                0x0000000000000000                . = ALIGN (0x10)

.fardata.30$    0x0000000000000000        0x0 load address 0x000000000000b7c0
 *(.fardata.*30 .fardata.*30$)
                0x0000000000000000                . = ALIGN (0x10)

.fardata.31$    0x0000000000000000        0x0 load address 0x000000000000b7c0
 *(.fardata.*31 .fardata.*31$)
                0x0000000000000000                . = ALIGN (0x10)

.fardata.32$    0x0000000000000000        0x0 load address 0x000000000000b7c0
 *(.fardata.*32 .fardata.*32$)
                0x0000000000000000                . = ALIGN (0x10)

.fardata.33$    0x0000000000000000        0x0 load address 0x000000000000b7c0
 *(.fardata.*33 .fardata.*33$)
                0x0000000000000000                . = ALIGN (0x10)

.fardata.34$    0x0000000000000000        0x0 load address 0x000000000000b7c0
 *(.fardata.*34 .fardata.*34$)
                0x0000000000000000                . = ALIGN (0x10)

.fardata.35$    0x0000000000000000        0x0 load address 0x000000000000b7c0
 *(.fardata.*35 .fardata.*35$)
                0x0000000000000000                . = ALIGN (0x10)

.fardata.36$    0x0000000000000000        0x0 load address 0x000000000000b7c0
 *(.fardata.*36 .fardata.*36$)
                0x0000000000000000                . = ALIGN (0x10)

.fardata.37$    0x0000000000000000        0x0 load address 0x000000000000b7c0
 *(.fardata.*37 .fardata.*37$)
                0x0000000000000000                . = ALIGN (0x10)

.fardata.40$    0x0000000000000000        0x0 load address 0x000000000000b7c0
 *(.fardata.*40 .fardata.*40$)
                0x0000000000000000                . = ALIGN (0x10)

.fardata.41$    0x0000000000000000        0x0 load address 0x000000000000b7c0
 *(.fardata.*41 .fardata.*41$)
                0x0000000000000000                . = ALIGN (0x10)

.fardata.42$    0x0000000000000000        0x0 load address 0x000000000000b7c0
 *(.fardata.*42 .fardata.*42$)
                0x0000000000000000                . = ALIGN (0x10)

.fardata.43$    0x0000000000000000        0x0 load address 0x000000000000b7c0
 *(.fardata.*43 .fardata.*43$)
                0x0000000000000000                . = ALIGN (0x10)

.fardata.44$    0x0000000000000000        0x0 load address 0x000000000000b7c0
 *(.fardata.*44 .fardata.*44$)
                0x0000000000000000                . = ALIGN (0x10)

.fardata.45$    0x0000000000000000        0x0 load address 0x000000000000b7c0
 *(.fardata.*45 .fardata.*45$)
                0x0000000000000000                . = ALIGN (0x10)

.fardata.46$    0x0000000000000000        0x0 load address 0x000000000000b7c0
 *(.fardata.*46 .fardata.*46$)
                0x0000000000000000                . = ALIGN (0x10)

.fardata.47$    0x0000000000000000        0x0 load address 0x000000000000b7c0
 *(.fardata.*47 .fardata.*47$)
                0x0000000000000000                . = ALIGN (0x10)

.fardata.50$    0x0000000000000000        0x0 load address 0x000000000000b7c0
 *(.fardata.*50 .fardata.*50$)
                0x0000000000000000                . = ALIGN (0x10)

.fardata.51$    0x0000000000000000        0x0 load address 0x000000000000b7c0
 *(.fardata.*51 .fardata.*51$)
                0x0000000000000000                . = ALIGN (0x10)

.fardata.52$    0x0000000000000000        0x0 load address 0x000000000000b7c0
 *(.fardata.*52 .fardata.*52$)
                0x0000000000000000                . = ALIGN (0x10)

.fardata.53$    0x0000000000000000        0x0 load address 0x000000000000b7c0
 *(.fardata.*53 .fardata.*53$)
                0x0000000000000000                . = ALIGN (0x10)

.fardata.54$    0x0000000000000000        0x0 load address 0x000000000000b7c0
 *(.fardata.*54 .fardata.*54$)
                0x0000000000000000                . = ALIGN (0x10)

.fardata.55$    0x0000000000000000        0x0 load address 0x000000000000b7c0
 *(.fardata.*55 .fardata.*55$)
                0x0000000000000000                . = ALIGN (0x10)

.fardata.56$    0x0000000000000000        0x0 load address 0x000000000000b7c0
 *(.fardata.*56 .fardata.*56$)
                0x0000000000000000                . = ALIGN (0x10)

.fardata.57$    0x0000000000000000        0x0 load address 0x000000000000b7c0
 *(.fardata.*57 .fardata.*57$)
                0x0000000000000000                . = ALIGN (0x10)

.fardata.60$    0x0000000000000000        0x0 load address 0x000000000000b7c0
 *(.fardata.*60 .fardata.*60$)
                0x0000000000000000                . = ALIGN (0x10)

.fardata.61$    0x0000000000000000        0x0 load address 0x000000000000b7c0
 *(.fardata.*61 .fardata.*61$)
                0x0000000000000000                . = ALIGN (0x10)

.fardata.62$    0x0000000000000000        0x0 load address 0x000000000000b7c0
 *(.fardata.*62 .fardata.*62$)
                0x0000000000000000                . = ALIGN (0x10)

.fardata.63$    0x0000000000000000        0x0 load address 0x000000000000b7c0
 *(.fardata.*63 .fardata.*63$)
                0x0000000000000000                . = ALIGN (0x10)

.fardata.64$    0x0000000000000000        0x0 load address 0x000000000000b7c0
 *(.fardata.*64 .fardata.*64$)
                0x0000000000000000                . = ALIGN (0x10)

.fardata.65$    0x0000000000000000        0x0 load address 0x000000000000b7c0
 *(.fardata.*65 .fardata.*65$)
                0x0000000000000000                . = ALIGN (0x10)

.fardata.66$    0x0000000000000000        0x0 load address 0x000000000000b7c0
 *(.fardata.*66 .fardata.*66$)
                0x0000000000000000                . = ALIGN (0x10)

.fardata.67$    0x0000000000000000        0x0 load address 0x000000000000b7c0
 *(.fardata.*67 .fardata.*67$)
                0x0000000000000000                . = ALIGN (0x10)

.fardata.70$    0x0000000000000000        0x0 load address 0x000000000000b7c0
 *(.fardata.*70 .fardata.*70$)
                0x0000000000000000                . = ALIGN (0x10)

.fardata.71$    0x0000000000000000        0x0 load address 0x000000000000b7c0
 *(.fardata.*71 .fardata.*71$)
                0x0000000000000000                . = ALIGN (0x10)

.fardata.72$    0x0000000000000000        0x0 load address 0x000000000000b7c0
 *(.fardata.*72 .fardata.*72$)
                0x0000000000000000                . = ALIGN (0x10)

.fardata.73$    0x0000000000000000        0x0 load address 0x000000000000b7c0
 *(.fardata.*73 .fardata.*73$)
                0x0000000000000000                . = ALIGN (0x10)

.fardata.74$    0x0000000000000000        0x0 load address 0x000000000000b7c0
 *(.fardata.*74 .fardata.*74$)
                0x0000000000000000                . = ALIGN (0x10)

.fardata.75$    0x0000000000000000        0x0 load address 0x000000000000b7c0
 *(.fardata.*75 .fardata.*75$)
                0x0000000000000000                . = ALIGN (0x10)

.fardata.76$    0x0000000000000000        0x0 load address 0x000000000000b7c0
 *(.fardata.*76 .fardata.*76$)
                0x0000000000000000                . = ALIGN (0x10)

.fardata.77$    0x0000000000000000        0x0 load address 0x000000000000b7c0
 *(.fardata.*77 .fardata.*77$)
                0x0000000000000000                . = ALIGN (0x10)

.fardata.XX$    0x0000000000000000        0x0 load address 0x000000000000b7c0
 *(.fardata .fardata$ .fardata.*)
                0x0000000000000000                . = ALIGN (0x10)

.data           0x0000000000000020      0xf30 load address 0x000000000000b7c0
                0x0000000000000020                __sdata = .
 *crtbegin*.o(.ctors)
 .ctors         0x0000000000000020        0x2 /usr/lib/x86_64-linux-gnu/gcc/ia16-elf/6.3.0/crtbegin.o
 *(EXCLUDE_FILE(*crtend*.o) .ctors)
 *(SORT_BY_NAME(.ctors.*))
 .ctors.65436   0x0000000000000022        0x2 /usr/lib/x86_64-linux-gnu/gcc/ia16-elf/6.3.0/../../../../../ia16-elf/lib/libi86.a(libi86-con-in-fd.o)
 *(.ctors)
 .ctors         0x0000000000000024        0x2 /usr/lib/x86_64-linux-gnu/gcc/ia16-elf/6.3.0/crtend.o
 *crtbegin*.o(.dtors)
 .dtors         0x0000000000000026        0x2 /usr/lib/x86_64-linux-gnu/gcc/ia16-elf/6.3.0/crtbegin.o
 *(EXCLUDE_FILE(*crtend*.o) .dtors)
 *(SORT_BY_NAME(.dtors.*))
 .dtors.65435   0x0000000000000028        0x2 /usr/lib/x86_64-linux-gnu/gcc/ia16-elf/6.3.0/../../../../../ia16-elf/lib/libi86.a(libi86-con-in-fd.o)
 *(.dtors)
 .dtors         0x000000000000002a        0x2 /usr/lib/x86_64-linux-gnu/gcc/ia16-elf/6.3.0/crtend.o
                0x000000000000002a                __DTOR_END__
 *(.msdos_init_rodata)
 *(.msdos_init_rodata.*)
 *(.rodata)
 .rodata        0x000000000000002c      0x197 /tmp/ccb2yFhj.o
 .rodata        0x00000000000001c3        0x4 /usr/lib/x86_64-linux-gnu/gcc/ia16-elf/6.3.0/../../../../../ia16-elf/lib/libi86.a(libi86-con-name.o)
                0x00000000000001c3                __libi86_con_name
 .rodata        0x00000000000001c7      0x281 /usr/lib/x86_64-linux-gnu/gcc/ia16-elf/6.3.0/../../../../../ia16-elf/lib/libc.a(lib_a-ctype_.o)
                0x00000000000001c7                _ctype_
 .rodata        0x0000000000000448       0x36 /usr/lib/x86_64-linux-gnu/gcc/ia16-elf/6.3.0/../../../../../ia16-elf/lib/libc.a(lib_a-findfp.o)
                0x0000000000000448                __sf_fake_stderr
                0x000000000000045a                __sf_fake_stdout
                0x000000000000046c                __sf_fake_stdin
 .rodata        0x000000000000047e        0x2 /usr/lib/x86_64-linux-gnu/gcc/ia16-elf/6.3.0/../../../../../ia16-elf/lib/libc.a(lib_a-impure.o)
                0x000000000000047e                _global_impure_ptr
 .rodata        0x0000000000000480       0x4f /usr/lib/x86_64-linux-gnu/gcc/ia16-elf/6.3.0/../../../../../ia16-elf/lib/libc.a(lib_a-nano-freer.o)
 .rodata        0x00000000000004cf       0x2a /usr/lib/x86_64-linux-gnu/gcc/ia16-elf/6.3.0/../../../../../ia16-elf/lib/libc.a(lib_a-nano-mallocr.o)
 *fill*         0x00000000000004f9        0x3 
 .rodata        0x00000000000004fc       0xd6 /usr/lib/x86_64-linux-gnu/gcc/ia16-elf/6.3.0/../../../../../ia16-elf/lib/libc.a(lib_a-svfiprintf.o)
 *fill*         0x00000000000005d2        0x2 
 .rodata        0x00000000000005d4       0xd6 /usr/lib/x86_64-linux-gnu/gcc/ia16-elf/6.3.0/../../../../../ia16-elf/lib/libc.a(lib_a-vfiprintf.o)
 *fill*         0x00000000000006aa        0x2 
 .rodata        0x00000000000006ac       0x78 /usr/lib/x86_64-linux-gnu/gcc/ia16-elf/6.3.0/../../../../../ia16-elf/lib/libc.a(lib_a-locale.o)
 .rodata        0x0000000000000724       0x9c /usr/lib/x86_64-linux-gnu/gcc/ia16-elf/6.3.0/../../../../../ia16-elf/lib/libc.a(lib_a-mbtowc_r.o)
 .rodata        0x00000000000007c0      0x100 /usr/lib/x86_64-linux-gnu/gcc/ia16-elf/6.3.0/libgcc.a(_clz.o)
                0x00000000000007c0                __clz_tab
 .rodata        0x00000000000008c0       0x43 /usr/lib/x86_64-linux-gnu/gcc/ia16-elf/6.3.0/../../../../../ia16-elf/lib/libc.a(lib_a-abort.o)
 *fill*         0x0000000000000903        0x1 
 .rodata        0x0000000000000904       0x30 /usr/lib/x86_64-linux-gnu/gcc/ia16-elf/6.3.0/../../../../../ia16-elf/lib/libc.a(lib_a-mktime.o)
 .rodata        0x0000000000000934       0x30 /usr/lib/x86_64-linux-gnu/gcc/ia16-elf/6.3.0/../../../../../ia16-elf/lib/libc.a(lib_a-month_lengths.o)
                0x0000000000000934                __month_lengths
 *(.rodata.*)
 .rodata.str1.1
                0x0000000000000964      0x2ab /tmp/ccb2yFhj.o
 .rodata.str1.1
                0x0000000000000c0f        0x2 /usr/lib/x86_64-linux-gnu/gcc/ia16-elf/6.3.0/../../../../../ia16-elf/lib/libc.a(lib_a-impure.o)
 .rodata.str1.1
                0x0000000000000c11       0x22 /usr/lib/x86_64-linux-gnu/gcc/ia16-elf/6.3.0/../../../../../ia16-elf/lib/libc.a(lib_a-svfiprintf.o)
 .rodata.str1.1
                0x0000000000000c33       0x22 /usr/lib/x86_64-linux-gnu/gcc/ia16-elf/6.3.0/../../../../../ia16-elf/lib/libc.a(lib_a-vfiprintf.o)
 .rodata.str1.1
                0x0000000000000c55       0xf4 /usr/lib/x86_64-linux-gnu/gcc/ia16-elf/6.3.0/../../../../../ia16-elf/lib/libc.a(lib_a-locale.o)
 .rodata.str1.1
                0x0000000000000d49       0x11 /usr/lib/x86_64-linux-gnu/gcc/ia16-elf/6.3.0/../../../../../ia16-elf/lib/libc.a(lib_a-abort.o)
 .rodata.str1.1
                0x0000000000000d5a       0x15 /usr/lib/x86_64-linux-gnu/gcc/ia16-elf/6.3.0/../../../../../ia16-elf/lib/libc.a(lib_a-tzset_r.o)
 .rodata.str1.1
                0x0000000000000d6f        0x4 /usr/lib/x86_64-linux-gnu/gcc/ia16-elf/6.3.0/../../../../../ia16-elf/lib/libc.a(lib_a-tzvars.o)
 *(.autofloat_stdio.__ia16_have_printf_float.dprintf.v2)
 *(.autofloat_stdio.__ia16_have_printf_float._dprintf_r.v2)
 *(.autofloat_stdio.__ia16_have_printf_float.vdprintf.v2)
 *(.autofloat_stdio.__ia16_have_printf_float._vdprintf_r.v2)
 *(.autofloat_stdio.__ia16_have_printf_float.sprintf.v2)
 *(.autofloat_stdio.__ia16_have_printf_float._sprintf_r.v2)
 *(.autofloat_stdio.__ia16_have_printf_float.fprintf.v2)
 *(.autofloat_stdio.__ia16_have_printf_float._fprintf_r.v2)
 *(.autofloat_stdio.__ia16_have_printf_float.printf.v2)
 *(.autofloat_stdio.__ia16_have_printf_float._printf_r.v2)
 *(.autofloat_stdio.__ia16_have_printf_float.snprintf.v2)
 *(.autofloat_stdio.__ia16_have_printf_float._snprintf_r.v2)
 *(.autofloat_stdio.__ia16_have_printf_float.asprintf.v2)
 *(.autofloat_stdio.__ia16_have_printf_float._asprintf_r.v2)
 *(.autofloat_stdio.__ia16_have_printf_float.asnprintf.v2)
 *(.autofloat_stdio.__ia16_have_printf_float._asnprintf_r.v2)
 *(.autofloat_stdio.__ia16_have_printf_float.vprintf.v2)
 *(.autofloat_stdio.__ia16_have_printf_float._vprintf_r.v2)
 *(.autofloat_stdio.__ia16_have_printf_float.vfprintf.v2)
 *(.autofloat_stdio.__ia16_have_printf_float._vfprintf_r.v2)
 *(.autofloat_stdio.__ia16_have_printf_float.vsprintf.v2)
 *(.autofloat_stdio.__ia16_have_printf_float._vsprintf_r.v2)
 *(.autofloat_stdio.__ia16_have_printf_float.vsnprintf.v2)
 *(.autofloat_stdio.__ia16_have_printf_float._vsnprintf_r.v2)
 *(.autofloat_stdio.__ia16_have_printf_float.vasprintf.v2)
 *(.autofloat_stdio.__ia16_have_printf_float._vasprintf_r.v2)
 *(.autofloat_stdio.__ia16_have_printf_float.vasnprintf.v2)
 *(.autofloat_stdio.__ia16_have_printf_float._vasnprintf_r.v2)
 *(.autofloat_stdio.__ia16_have_scanf_float.sscanf.v2)
 *(.autofloat_stdio.__ia16_have_scanf_float._sscanf_r.v2)
 *(.autofloat_stdio.__ia16_have_scanf_float.fscanf.v2)
 *(.autofloat_stdio.__ia16_have_scanf_float._fscanf_r.v2)
 *(.autofloat_stdio.__ia16_have_scanf_float.scanf.v2)
 *(.autofloat_stdio.__ia16_have_scanf_float._scanf_r.v2)
 *(.autofloat_stdio.__ia16_have_scanf_float.vscanf.v2)
 *(.autofloat_stdio.__ia16_have_scanf_float._vscanf_r.v2)
 *(.autofloat_stdio.__ia16_have_scanf_float.vfscanf.v2)
 *(.autofloat_stdio.__ia16_have_scanf_float._vfscanf_r.v2)
 *(.autofloat_stdio.__ia16_have_scanf_float.vsscanf.v2)
 *(.autofloat_stdio.__ia16_have_scanf_float._vsscanf_r.v2)
                0x0000000000000d73                . = .
 *(.data)
 .data          0x0000000000000d73        0x0 /tmp/ccb2yFhj.o
 .data          0x0000000000000d73        0x0 /usr/lib/x86_64-linux-gnu/gcc/ia16-elf/6.3.0/../../../../../ia16-elf/lib/libi86.a(getch.o)
 .data          0x0000000000000d73        0x0 /usr/lib/x86_64-linux-gnu/gcc/ia16-elf/6.3.0/../../../../../ia16-elf/lib/libi86.a(kbhit.o)
 .data          0x0000000000000d73        0x0 /usr/lib/x86_64-linux-gnu/gcc/ia16-elf/6.3.0/../../../../../ia16-elf/lib/libi86.a(libi86-ungetch-buf.o)
 .data          0x0000000000000d73        0x0 /usr/lib/x86_64-linux-gnu/gcc/ia16-elf/6.3.0/../../../../../ia16-elf/lib/libi86.a(libi86-con-in-fd.o)
 .data          0x0000000000000d73        0x0 /usr/lib/x86_64-linux-gnu/gcc/ia16-elf/6.3.0/../../../../../ia16-elf/lib/libi86.a(libi86-con-name.o)
 .data          0x0000000000000d73        0x0 /usr/lib/x86_64-linux-gnu/gcc/ia16-elf/6.3.0/../../../../../ia16-elf/lib/tprtf-fw.a(t-sprintf.o)
 .data          0x0000000000000d73        0x0 /usr/lib/x86_64-linux-gnu/gcc/ia16-elf/6.3.0/../../../../../ia16-elf/lib/tprtf-fw.a(t-fprintf.o)
 .data          0x0000000000000d73        0x0 /usr/lib/x86_64-linux-gnu/gcc/ia16-elf/6.3.0/../../../../../ia16-elf/lib/tprtf-fw.a(t-printf.o)
 .data          0x0000000000000d73        0x0 /usr/lib/x86_64-linux-gnu/gcc/ia16-elf/6.3.0/../../../../../ia16-elf/lib/tprtf-fw.a(t-snprintf.o)
 .data          0x0000000000000d73        0x0 /usr/lib/x86_64-linux-gnu/gcc/ia16-elf/6.3.0/../../../../../ia16-elf/lib/iprtf-fw.a(i-sprintf.o)
 .data          0x0000000000000d73        0x0 /usr/lib/x86_64-linux-gnu/gcc/ia16-elf/6.3.0/../../../../../ia16-elf/lib/iprtf-fw.a(i-fprintf.o)
 .data          0x0000000000000d73        0x0 /usr/lib/x86_64-linux-gnu/gcc/ia16-elf/6.3.0/../../../../../ia16-elf/lib/iprtf-fw.a(i-printf.o)
 .data          0x0000000000000d73        0x0 /usr/lib/x86_64-linux-gnu/gcc/ia16-elf/6.3.0/../../../../../ia16-elf/lib/iprtf-fw.a(i-snprintf.o)
 *fill*         0x0000000000000d73        0x1 
 .data          0x0000000000000d74        0x2 /usr/lib/x86_64-linux-gnu/gcc/ia16-elf/6.3.0/crtbegin.o
                0x0000000000000d74                __dso_handle
 .data          0x0000000000000d76        0x0 /usr/lib/x86_64-linux-gnu/gcc/ia16-elf/6.3.0/crtend.o
 .data          0x0000000000000d76        0x0 /usr/lib/x86_64-linux-gnu/gcc/ia16-elf/6.3.0/../../../../../ia16-elf/lib/dos-s-c0.o
 .data          0x0000000000000d76        0x0 /usr/lib/x86_64-linux-gnu/gcc/ia16-elf/6.3.0/../../../../../ia16-elf/lib/libc.a(lib_a-atoi.o)
 .data          0x0000000000000d76        0x0 /usr/lib/x86_64-linux-gnu/gcc/ia16-elf/6.3.0/../../../../../ia16-elf/lib/libc.a(lib_a-calloc.o)
 .data          0x0000000000000d76        0x2 /usr/lib/x86_64-linux-gnu/gcc/ia16-elf/6.3.0/../../../../../ia16-elf/lib/libc.a(lib_a-ctype_.o)
                0x0000000000000d76                __ctype_ptr__
 .data          0x0000000000000d78        0x0 /usr/lib/x86_64-linux-gnu/gcc/ia16-elf/6.3.0/../../../../../ia16-elf/lib/libc.a(lib_a-errno.o)
 .data          0x0000000000000d78        0x0 /usr/lib/x86_64-linux-gnu/gcc/ia16-elf/6.3.0/../../../../../ia16-elf/lib/libc.a(lib_a-exit.o)
 .data          0x0000000000000d78        0x0 /usr/lib/x86_64-linux-gnu/gcc/ia16-elf/6.3.0/../../../../../ia16-elf/lib/libc.a(lib_a-fclose.o)
 .data          0x0000000000000d78        0x0 /usr/lib/x86_64-linux-gnu/gcc/ia16-elf/6.3.0/../../../../../ia16-elf/lib/libc.a(lib_a-fflush.o)
 .data          0x0000000000000d78        0x0 /usr/lib/x86_64-linux-gnu/gcc/ia16-elf/6.3.0/../../../../../ia16-elf/lib/libc.a(lib_a-fgets.o)
 .data          0x0000000000000d78        0x0 /usr/lib/x86_64-linux-gnu/gcc/ia16-elf/6.3.0/../../../../../ia16-elf/lib/libc.a(lib_a-findfp.o)
 .data          0x0000000000000d78        0x0 /usr/lib/x86_64-linux-gnu/gcc/ia16-elf/6.3.0/../../../../../ia16-elf/lib/libc.a(lib_a-fiprintf.o)
 .data          0x0000000000000d78        0x0 /usr/lib/x86_64-linux-gnu/gcc/ia16-elf/6.3.0/../../../../../ia16-elf/lib/libc.a(lib_a-fopen.o)
 .data          0x0000000000000d78        0x0 /usr/lib/x86_64-linux-gnu/gcc/ia16-elf/6.3.0/../../../../../ia16-elf/lib/libc.a(lib_a-fputs.o)
 .data          0x0000000000000d78        0x0 /usr/lib/x86_64-linux-gnu/gcc/ia16-elf/6.3.0/../../../../../ia16-elf/lib/libc.a(lib_a-fseek.o)
 .data          0x0000000000000d78        0x0 /usr/lib/x86_64-linux-gnu/gcc/ia16-elf/6.3.0/../../../../../ia16-elf/lib/libc.a(lib_a-fseeko.o)
 .data          0x0000000000000d78        0x0 /usr/lib/x86_64-linux-gnu/gcc/ia16-elf/6.3.0/../../../../../ia16-elf/lib/libc.a(lib_a-fvwrite.o)
 .data          0x0000000000000d78        0x0 /usr/lib/x86_64-linux-gnu/gcc/ia16-elf/6.3.0/../../../../../ia16-elf/lib/libc.a(lib_a-fwalk.o)
 .data          0x0000000000000d78        0x0 /usr/lib/x86_64-linux-gnu/gcc/ia16-elf/6.3.0/../../../../../ia16-elf/lib/libc.a(lib_a-fwrite.o)
 .data          0x0000000000000d78       0x32 /usr/lib/x86_64-linux-gnu/gcc/ia16-elf/6.3.0/../../../../../ia16-elf/lib/libc.a(lib_a-impure.o)
                0x0000000000000d78                _impure_ptr
 .data          0x0000000000000daa        0x0 /usr/lib/x86_64-linux-gnu/gcc/ia16-elf/6.3.0/../../../../../ia16-elf/lib/libc.a(lib_a-iprintf.o)
 .data          0x0000000000000daa        0x0 /usr/lib/x86_64-linux-gnu/gcc/ia16-elf/6.3.0/../../../../../ia16-elf/lib/libc.a(lib_a-makebuf.o)
 .data          0x0000000000000daa        0x0 /usr/lib/x86_64-linux-gnu/gcc/ia16-elf/6.3.0/../../../../../ia16-elf/lib/libc.a(lib_a-malloc.o)
 .data          0x0000000000000daa        0x0 /usr/lib/x86_64-linux-gnu/gcc/ia16-elf/6.3.0/../../../../../ia16-elf/lib/libc.a(lib_a-memchr.o)
 .data          0x0000000000000daa        0x0 /usr/lib/x86_64-linux-gnu/gcc/ia16-elf/6.3.0/../../../../../ia16-elf/lib/libc.a(lib_a-memcpy.o)
 .data          0x0000000000000daa        0x0 /usr/lib/x86_64-linux-gnu/gcc/ia16-elf/6.3.0/../../../../../ia16-elf/lib/libc.a(lib_a-memmove.o)
 .data          0x0000000000000daa        0x0 /usr/lib/x86_64-linux-gnu/gcc/ia16-elf/6.3.0/../../../../../ia16-elf/lib/libc.a(lib_a-memset.o)